Component: ARM Compiler 5.05 update 1 (build 106) Tool: armlink [4d0efa]

==============================================================================

Section Cross References

    system_stm32f10x.o(i.SetSysClock) refers to system_stm32f10x.o(i.SetSysClockTo72) for SetSysClockTo72
    system_stm32f10x.o(i.SystemCoreClockUpdate) refers to system_stm32f10x.o(.data) for SystemCoreClock
    system_stm32f10x.o(i.SystemInit) refers to system_stm32f10x.o(i.SetSysClock) for SetSysClock
    startup_stm32f10x_md.o(RESET) refers to startup_stm32f10x_md.o(STACK) for __initial_sp
    startup_stm32f10x_md.o(RESET) refers to startup_stm32f10x_md.o(.text) for Reset_Handler
    startup_stm32f10x_md.o(RESET) refers to tcl.arm.cm3.keil.o(.text) for PendSV_Handler
    startup_stm32f10x_md.o(RESET) refers to tcl.stm32.f103rb.o(i.SysTick_Handler) for SysTick_Handler
    startup_stm32f10x_md.o(RESET) refers to bsp_gps.o(i.DMA1_Channel3_IRQHandler) for DMA1_Channel3_IRQHandler
    startup_stm32f10x_md.o(RESET) refers to bsp_gps.o(i.DMA1_Channel4_IRQHandler) for DMA1_Channel4_IRQHandler
    startup_stm32f10x_md.o(RESET) refers to bsp_timer.o(i.TIM1_UP_IRQHandler) for TIM1_UP_IRQHandler
    startup_stm32f10x_md.o(RESET) refers to tcl.stm32.f103rb.o(i.TIM2_IRQHandler) for TIM2_IRQHandler
    startup_stm32f10x_md.o(RESET) refers to bsp_uart.o(i.USART1_IRQHandler) for USART1_IRQHandler
    startup_stm32f10x_md.o(RESET) refers to tcl.stm32.f103rb.o(i.EXTI15_10_IRQHandler) for EXTI15_10_IRQHandler
    startup_stm32f10x_md.o(.text) refers to system_stm32f10x.o(i.SystemInit) for SystemInit
    startup_stm32f10x_md.o(.text) refers to entry.o(.ARM.Collect$$$$00000000) for __main
    stm32f10x_adc.o(i.ADC_DeInit) refers to stm32f10x_rcc.o(i.RCC_APB2PeriphResetCmd) for RCC_APB2PeriphResetCmd
    stm32f10x_bkp.o(i.BKP_DeInit) refers to stm32f10x_rcc.o(i.RCC_BackupResetCmd) for RCC_BackupResetCmd
    stm32f10x_can.o(i.CAN_DeInit) refers to stm32f10x_rcc.o(i.RCC_APB1PeriphResetCmd) for RCC_APB1PeriphResetCmd
    stm32f10x_can.o(i.CAN_GetITStatus) refers to stm32f10x_can.o(i.CheckITStatus) for CheckITStatus
    stm32f10x_cec.o(i.CEC_DeInit) refers to stm32f10x_rcc.o(i.RCC_APB1PeriphResetCmd) for RCC_APB1PeriphResetCmd
    stm32f10x_dac.o(i.DAC_DeInit) refers to stm32f10x_rcc.o(i.RCC_APB1PeriphResetCmd) for RCC_APB1PeriphResetCmd
    stm32f10x_flash.o(i.FLASH_EnableWriteProtection) refers to stm32f10x_flash.o(i.FLASH_WaitForLastOperation) for FLASH_WaitForLastOperation
    stm32f10x_flash.o(i.FLASH_EraseAllBank1Pages) refers to stm32f10x_flash.o(i.FLASH_WaitForLastBank1Operation) for FLASH_WaitForLastBank1Operation
    stm32f10x_flash.o(i.FLASH_EraseAllPages) refers to stm32f10x_flash.o(i.FLASH_WaitForLastOperation) for FLASH_WaitForLastOperation
    stm32f10x_flash.o(i.FLASH_EraseOptionBytes) refers to stm32f10x_flash.o(i.FLASH_GetReadOutProtectionStatus) for FLASH_GetReadOutProtectionStatus
    stm32f10x_flash.o(i.FLASH_EraseOptionBytes) refers to stm32f10x_flash.o(i.FLASH_WaitForLastOperation) for FLASH_WaitForLastOperation
    stm32f10x_flash.o(i.FLASH_ErasePage) refers to stm32f10x_flash.o(i.FLASH_WaitForLastOperation) for FLASH_WaitForLastOperation
    stm32f10x_flash.o(i.FLASH_ProgramHalfWord) refers to stm32f10x_flash.o(i.FLASH_WaitForLastOperation) for FLASH_WaitForLastOperation
    stm32f10x_flash.o(i.FLASH_ProgramOptionByteData) refers to stm32f10x_flash.o(i.FLASH_WaitForLastOperation) for FLASH_WaitForLastOperation
    stm32f10x_flash.o(i.FLASH_ProgramWord) refers to stm32f10x_flash.o(i.FLASH_WaitForLastOperation) for FLASH_WaitForLastOperation
    stm32f10x_flash.o(i.FLASH_ReadOutProtection) refers to stm32f10x_flash.o(i.FLASH_WaitForLastOperation) for FLASH_WaitForLastOperation
    stm32f10x_flash.o(i.FLASH_UserOptionByteConfig) refers to stm32f10x_flash.o(i.FLASH_WaitForLastOperation) for FLASH_WaitForLastOperation
    stm32f10x_flash.o(i.FLASH_WaitForLastBank1Operation) refers to stm32f10x_flash.o(i.FLASH_GetBank1Status) for FLASH_GetBank1Status
    stm32f10x_flash.o(i.FLASH_WaitForLastOperation) refers to stm32f10x_flash.o(i.FLASH_GetBank1Status) for FLASH_GetBank1Status
    stm32f10x_gpio.o(i.GPIO_AFIODeInit) refers to stm32f10x_rcc.o(i.RCC_APB2PeriphResetCmd) for RCC_APB2PeriphResetCmd
    stm32f10x_gpio.o(i.GPIO_DeInit) refers to stm32f10x_rcc.o(i.RCC_APB2PeriphResetCmd) for RCC_APB2PeriphResetCmd
    stm32f10x_i2c.o(i.I2C_DeInit) refers to stm32f10x_rcc.o(i.RCC_APB1PeriphResetCmd) for RCC_APB1PeriphResetCmd
    stm32f10x_i2c.o(i.I2C_Init) refers to stm32f10x_rcc.o(i.RCC_GetClocksFreq) for RCC_GetClocksFreq
    stm32f10x_pwr.o(i.PWR_DeInit) refers to stm32f10x_rcc.o(i.RCC_APB1PeriphResetCmd) for RCC_APB1PeriphResetCmd
    stm32f10x_rcc.o(i.RCC_GetClocksFreq) refers to stm32f10x_rcc.o(.data) for APBAHBPrescTable
    stm32f10x_rcc.o(i.RCC_WaitForHSEStartUp) refers to stm32f10x_rcc.o(i.RCC_GetFlagStatus) for RCC_GetFlagStatus
[...]
    i.nmea_trace_buff                        0x08007632   Section        0  context.o(i.nmea_trace_buff)
    i.nmea_zero_INFO                         0x0800764a   Section        0  info.o(i.nmea_zero_INFO)
    i.strtod                                 0x08007668   Section        0  strtod.o(i.strtod)
    .constdata                               0x08007684   Section       88  tcl.irq.o(.constdata)
    __FUNCTION__                             0x08007684   Data          14  tcl.irq.o(.constdata)
    __FUNCTION__                             0x08007692   Data          16  tcl.irq.o(.constdata)
    __FUNCTION__                             0x080076a2   Data          18  tcl.irq.o(.constdata)
    __FUNCTION__                             0x080076b4   Data          11  tcl.irq.o(.constdata)
    __FUNCTION__                             0x080076bf   Data          13  tcl.irq.o(.constdata)
    __FUNCTION__                             0x080076cc   Data          16  tcl.irq.o(.constdata)
    .constdata                               0x080076dc   Section      144  tcl.kernel.o(.constdata)
    __FUNCTION__                             0x080076dc   Data          23  tcl.kernel.o(.constdata)
    __FUNCTION__                             0x080076f3   Data           9  tcl.kernel.o(.constdata)
    __FUNCTION__                             0x080076fc   Data          19  tcl.kernel.o(.constdata)
    __FUNCTION__                             0x0800770f   Data          20  tcl.kernel.o(.constdata)
    __FUNCTION__                             0x08007723   Data          22  tcl.kernel.o(.constdata)
    __FUNCTION__                             0x08007739   Data          20  tcl.kernel.o(.constdata)
    __FUNCTION__                             0x0800774d   Data          16  tcl.kernel.o(.constdata)
    __FUNCTION__                             0x0800775d   Data          15  tcl.kernel.o(.constdata)
    .constdata                               0x0800776c   Section      151  tcl.object.o(.constdata)
    __FUNCTION__                             0x0800776c   Data          22  tcl.object.o(.constdata)
    __FUNCTION__                             0x08007782   Data          26  tcl.object.o(.constdata)
    __FUNCTION__                             0x0800779c   Data          21  tcl.object.o(.constdata)
    __FUNCTION__                             0x080077b1   Data          17  tcl.object.o(.constdata)
    __FUNCTION__                             0x080077c2   Data          20  tcl.object.o(.constdata)
    __FUNCTION__                             0x080077d6   Data          21  tcl.object.o(.constdata)
    __FUNCTION__                             0x080077eb   Data          24  tcl.object.o(.constdata)
    .constdata                               0x08007803   Section      383  tcl.thread.o(.constdata)
    __FUNCTION__                             0x08007803   Data          16  tcl.thread.o(.constdata)
    __FUNCTION__                             0x08007813   Data          15  tcl.thread.o(.constdata)
    __FUNCTION__                             0x08007822   Data          17  tcl.thread.o(.constdata)
    __FUNCTION__                             0x08007833   Data          19  tcl.thread.o(.constdata)
    __FUNCTION__                             0x08007846   Data          19  tcl.thread.o(.constdata)
    __FUNCTION__                             0x08007859   Data          24  tcl.thread.o(.constdata)
    __FUNCTION__                             0x08007871   Data          17  tcl.thread.o(.constdata)
    __FUNCTION__                             0x08007882   Data          15  tcl.thread.o(.constdata)
    __FUNCTION__                             0x08007891   Data          16  tcl.thread.o(.constdata)
    __FUNCTION__                             0x080078a1   Data          19  tcl.thread.o(.constdata)
    __FUNCTION__                             0x080078b4   Data          16  tcl.thread.o(.constdata)
    __FUNCTION__                             0x080078c4   Data          16  tcl.thread.o(.constdata)
    __FUNCTION__                             0x080078d4   Data          21  tcl.thread.o(.constdata)
    __FUNCTION__                             0x080078e9   Data          18  tcl.thread.o(.constdata)
    __FUNCTION__                             0x080078fb   Data          15  tcl.thread.o(.constdata)
    __FUNCTION__                             0x0800790a   Data          20  tcl.thread.o(.constdata)
    __FUNCTION__                             0x0800791e   Data          18  tcl.thread.o(.constdata)
    __FUNCTION__                             0x08007930   Data          17  tcl.thread.o(.constdata)
    __FUNCTION__                             0x08007941   Data          16  tcl.thread.o(.constdata)
    __FUNCTION__                             0x08007951   Data          15  tcl.thread.o(.constdata)
    __FUNCTION__                             0x08007960   Data          17  tcl.thread.o(.constdata)
    __FUNCTION__                             0x08007971   Data          17  tcl.thread.o(.constdata)
    .constdata                               0x08007982   Section       90  tcl.timer.o(.constdata)
    __FUNCTION__                             0x08007982   Data          15  tcl.timer.o(.constdata)
    __FUNCTION__                             0x08007991   Data          15  tcl.timer.o(.constdata)
    __FUNCTION__                             0x080079a0   Data          14  tcl.timer.o(.constdata)
    __FUNCTION__                             0x080079ae   Data          13  tcl.timer.o(.constdata)
    __FUNCTION__                             0x080079bb   Data          15  tcl.timer.o(.constdata)
    __FUNCTION__                             0x080079ca   Data          18  tcl.timer.o(.constdata)
    .constdata                               0x080079dc   Section       36  tcl.ipc.o(.constdata)
    __FUNCTION__                             0x080079dc   Data          17  tcl.ipc.o(.constdata)
    __FUNCTION__                             0x080079ed   Data          19  tcl.ipc.o(.constdata)
    .constdata                               0x08007a00   Section      126  tcl.message.o(.constdata)
    __FUNCTION__                             0x08007a00   Data          18  tcl.message.o(.constdata)
    __FUNCTION__                             0x08007a12   Data          18  tcl.message.o(.constdata)
    __FUNCTION__                             0x08007a24   Data          18  tcl.message.o(.constdata)
    __FUNCTION__                             0x08007a36   Data          18  tcl.message.o(.constdata)
    __FUNCTION__                             0x08007a48   Data          17  tcl.message.o(.constdata)
    __FUNCTION__                             0x08007a59   Data          17  tcl.message.o(.constdata)
    __FUNCTION__                             0x08007a6a   Data          20  tcl.message.o(.constdata)
    .constdata                               0x08007a7e   Section      117  tcl.semaphore.o(.constdata)
    __FUNCTION__                             0x08007a7e   Data          20  tcl.semaphore.o(.constdata)
    __FUNCTION__                             0x08007a92   Data          23  tcl.semaphore.o(.constdata)
    __FUNCTION__                             0x08007aa9   Data          19  tcl.semaphore.o(.constdata)
    __FUNCTION__                             0x08007abc   Data          19  tcl.semaphore.o(.constdata)
    __FUNCTION__                             0x08007acf   Data          18  tcl.semaphore.o(.constdata)
    __FUNCTION__                             0x08007ae1   Data          18  tcl.semaphore.o(.constdata)
    .constdata                               0x08007af3   Section       14  main.o(.constdata)
    __FUNCTION__                             0x08007af3   Data          14  main.o(.constdata)
    .constdata                               0x08007b01   Section       69  parser.o(.constdata)
    __FUNCTION__                             0x08007b01   Data          19  parser.o(.constdata)
    __FUNCTION__                             0x08007b14   Data          25  parser.o(.constdata)
    __FUNCTION__                             0x08007b2d   Data          25  parser.o(.constdata)
    .constdata                               0x08007b46   Section       48  receiver.o(.constdata)
    __FUNCTION__                             0x08007b46   Data          27  receiver.o(.constdata)
    __FUNCTION__                             0x08007b61   Data          21  receiver.o(.constdata)
    .constdata                               0x08007b76   Section       22  gps.o(.constdata)
    __FUNCTION__                             0x08007b76   Data          22  gps.o(.constdata)
    .constdata                               0x08007b8c   Section       19  sender.o(.constdata)
    __FUNCTION__                             0x08007b8c   Data          19  sender.o(.constdata)
    .constdata                               0x08007b9f   Section       38  bsp_uart.o(.constdata)
    __FUNCTION__                             0x08007b9f   Data          20  bsp_uart.o(.constdata)
    __FUNCTION__                             0x08007bb3   Data          18  bsp_uart.o(.constdata)
    .constdata                               0x08007bc5   Section      129  ctype_o.o(.constdata)
    .constdata                               0x08007c48   Section        4  ctype_o.o(.constdata)
    table                                    0x08007c48   Data           4  ctype_o.o(.constdata)
    .conststring                             0x08007c4c   Section      100  common.o(.conststring)
    .conststring                             0x08007cb0   Section      106  parse.o(.conststring)
    .data                                    0x20000000   Section       20  stm32f10x_rcc.o(.data)
    APBAHBPrescTable                         0x20000000   Data          16  stm32f10x_rcc.o(.data)
    ADCPrescTable                            0x20000010   Data           4  stm32f10x_rcc.o(.data)
    .data                                    0x20000014   Section        4  tcl.irq.o(.data)
    IrqReqList                               0x20000014   Data           4  tcl.irq.o(.data)
    .data                                    0x20000018   Section        8  tcl.timer.o(.data)
    TimerDormantList                         0x20000018   Data           4  tcl.timer.o(.data)
    TimerExpiredList                         0x2000001c   Data           4  tcl.timer.o(.data)
    .data                                    0x20000020   Section      320  common.o(.data)
    .data                                    0x20000160   Section        9  motor.o(.data)
    gRobortSpeed_L                           0x20000160   Data           1  motor.o(.data)
    gRobortSpeed_R                           0x20000161   Data           1  motor.o(.data)
    gFlagSpeedRset_L                         0x20000162   Data           1  motor.o(.data)
    gFlagSpeedRset_R                         0x20000163   Data           1  motor.o(.data)
    gRobortSysSpeed                          0x20000164   Data           1  motor.o(.data)
    preMotorNo                               0x20000165   Data           1  motor.o(.data)
    preDir                                   0x20000166   Data           1  motor.o(.data)
    preMotorNo                               0x20000167   Data           1  motor.o(.data)
    preSpeed                                 0x20000168   Data           1  motor.o(.data)
    .data                                    0x2000016c   Section        8  parser.o(.data)
    .data                                    0x20000174   Section        2  bsp_gps.o(.data)
    .data                                    0x20000178   Section        9  bsp_timer.o(.data)
    Task_10ms                                0x20000178   Data           4  bsp_timer.o(.data)
    .data                                    0x20000181   Section       10  bsp_uart.o(.data)
    .data                                    0x2000018c   Section       12  context.o(.data)
    prop                                     0x2000018c   Data          12  context.o(.data)
    .data                                    0x20000198   Section       20  parse.o(.data)
    pheads                                   0x20000198   Data          20  parse.o(.data)
    .data                                    0x200001ac   Section        4  mvars.o(.data)
    .data                                    0x200001b0   Section        4  mvars.o(.data)
    .data                                    0x200001b4   Section        4  errno.o(.data)
    _errno                                   0x200001b4   Data           4  errno.o(.data)
    .bss                                     0x200001b8   Section     1096  tcl.irq.o(.bss)
    IrqVectorTable                           0x200001b8   Data         256  tcl.irq.o(.bss)
    IrqMapTable                              0x200002b8   Data         168  tcl.irq.o(.bss)
    IrqDaemonThread                          0x20000360   Data         160  tcl.irq.o(.bss)
    IrqDaemonStack                           0x20000400   Data         512  tcl.irq.o(.bss)
    .bss                                     0x20000600   Section      128  tcl.kernel.o(.bss)
    .bss                                     0x20000680   Section      936  tcl.thread.o(.bss)
    ThreadReadyQueue                         0x20000680   Data         132  tcl.thread.o(.bss)
    ThreadAuxiliaryQueue                     0x20000704   Data         132  tcl.thread.o(.bss)
    RootThread                               0x20000788   Data         160  tcl.thread.o(.bss)
    RootThreadStack                          0x20000828   Data         512  tcl.thread.o(.bss)
    .bss                                     0x20000a28   Section      928  tcl.timer.o(.bss)
    TimerActiveListA                         0x20000a28   Data         128  tcl.timer.o(.bss)
    TimerActiveListB                         0x20000aa8   Data         128  tcl.timer.o(.bss)
    TimerDaemonStack                         0x20000b28   Data         512  tcl.timer.o(.bss)
    TimerDaemonThread                        0x20000d28   Data         160  tcl.timer.o(.bss)
    .bss                                     0x20000dc8   Section     1872  common.o(.bss)
    .bss                                     0x20001518   Section      404  gps.o(.bss)
    .bss                                     0x200016ac   Section      512  bsp_gps.o(.bss)
    .bss                                     0x200018ac   Section      208  bsp_uart.o(.bss)
    Uart1Semaphore                           0x20001944   Data          56  bsp_uart.o(.bss)
    HEAP                                     0x20001980   Section     4096  startup_stm32f10x_md.o(HEAP)
    STACK                                    0x20002980   Section     1024  startup_stm32f10x_md.o(STACK)

    Global Symbols

    Symbol Name                              Value     Ov Type        Size  Object(Section)

    BuildAttributes$$THM_ISAv4$P$D$K$B$S$PE$A:L22UL41UL21$X:L11$S22US41US21$IEEE1$IW$USESV6$~STKCKD$USESV7$~SHL$OTIME$ROPI$IEEEX$EBA8$MICROLIB$REQ8$PRES8$EABIv2 0x00000000   Number         0  anon$$obj.o ABSOLUTE
    __ARM_use_no_argv                        0x00000000   Number         0  main.o ABSOLUTE
    _printf_a                                0x00000000   Number         0  stubs.o ABSOLUTE
    _printf_c                                0x00000000   Number         0  stubs.o ABSOLUTE
    _printf_charcount                        0x00000000   Number         0  stubs.o ABSOLUTE
    _printf_d                                0x00000000   Number         0  stubs.o ABSOLUTE
    _printf_e                                0x00000000   Number         0  stubs.o ABSOLUTE
    _printf_f                                0x00000000   Number         0  stubs.o ABSOLUTE
    _printf_flags                            0x00000000   Number         0  stubs.o ABSOLUTE
    _printf_fp_dec                           0x00000000   Number         0  stubs.o ABSOLUTE
    _printf_fp_hex                           0x00000000   Number         0  stubs.o ABSOLUTE
    _printf_g                                0x00000000   Number         0  stubs.o ABSOLUTE
    _printf_i                                0x00000000   Number         0  stubs.o ABSOLUTE
    _printf_int_dec                          0x00000000   Number         0  stubs.o ABSOLUTE
    _printf_l                                0x00000000   Number         0  stubs.o ABSOLUTE
    _printf_lc                               0x00000000   Number         0  stubs.o ABSOLUTE
    _printf_ll                               0x00000000   Number         0  stubs.o ABSOLUTE
    _printf_lld                              0x00000000   Number         0  stubs.o ABSOLUTE
    _printf_lli                              0x00000000   Number         0  stubs.o ABSOLUTE
    _printf_llo                              0x00000000   Number         0  stubs.o ABSOLUTE
    _printf_llu                              0x00000000   Number         0  stubs.o ABSOLUTE
    _printf_llx                              0x00000000   Number         0  stubs.o ABSOLUTE
    _printf_longlong_dec                     0x00000000   Number         0  stubs.o ABSOLUTE
    _printf_longlong_hex                     0x00000000   Number         0  stubs.o ABSOLUTE
    _printf_longlong_oct                     0x00000000   Number         0  stubs.o ABSOLUTE
    _printf_ls                               0x00000000   Number         0  stubs.o ABSOLUTE
    _printf_mbtowc                           0x00000000   Number         0  stubs.o ABSOLUTE
    _printf_n                                0x00000000   Number         0  stubs.o ABSOLUTE
    _printf_o                                0x00000000   Number         0  stubs.o ABSOLUTE
    _printf_p                                0x00000000   Number         0  stubs.o ABSOLUTE
    _printf_percent                          0x00000000   Number         0  stubs.o ABSOLUTE
    _printf_pre_padding                      0x00000000   Number         0  stubs.o ABSOLUTE
    _printf_return_value                     0x00000000   Number         0  stubs.o ABSOLUTE
    _printf_s                                0x00000000   Number         0  stubs.o ABSOLUTE
    _printf_sizespec                         0x00000000   Number         0  stubs.o ABSOLUTE
    _printf_str                              0x00000000   Number         0  stubs.o ABSOLUTE
    _printf_truncate_signed                  0x00000000   Number         0  stubs.o ABSOLUTE
    _printf_truncate_unsigned                0x00000000   Number         0  stubs.o ABSOLUTE
    _printf_u                                0x00000000   Number         0  stubs.o ABSOLUTE
    _printf_wc                               0x00000000   Number         0  stubs.o ABSOLUTE
    _printf_wctomb                           0x00000000   Number         0  stubs.o ABSOLUTE
    _printf_widthprec                        0x00000000   Number         0  stubs.o ABSOLUTE
    _printf_x                                0x00000000   Number         0  stubs.o ABSOLUTE
    __cpp_initialize__aeabi_                  - Undefined Weak Reference
    __cxa_finalize                            - Undefined Weak Reference
    _clock_init                               - Undefined Weak Reference
    _microlib_exit                            - Undefined Weak Reference
    __Vectors_Size                           0x000000ec   Number         0  startup_stm32f10x_md.o ABSOLUTE
    __Vectors                                0x08000000   Data           4  startup_stm32f10x_md.o(RESET)
    __Vectors_End                            0x080000ec   Data           0  startup_stm32f10x_md.o(RESET)
    __main                                   0x080000ed   Thumb Code     0  entry.o(.ARM.Collect$$$$00000000)
    _main_stk                                0x080000ed   Thumb Code     0  entry2.o(.ARM.Collect$$$$00000001)
    _main_scatterload                        0x080000f1   Thumb Code     0  entry5.o(.ARM.Collect$$$$00000004)
    __main_after_scatterload                 0x080000f5   Thumb Code     0  entry5.o(.ARM.Collect$$$$00000004)
    _main_clock                              0x080000f5   Thumb Code     0  entry7b.o(.ARM.Collect$$$$00000008)
    _main_cpp_init                           0x080000f5   Thumb Code     0  entry8b.o(.ARM.Collect$$$$0000000A)
    _main_init                               0x080000f5   Thumb Code     0  entry9a.o(.ARM.Collect$$$$0000000B)
    __rt_final_cpp                           0x080000fd   Thumb Code     0  entry10a.o(.ARM.Collect$$$$0000000D)
    __rt_final_exit                          0x080000fd   Thumb Code     0  entry11a.o(.ARM.Collect$$$$0000000F)
    Reset_Handler                            0x08000101   Thumb Code     8  startup_stm32f10x_md.o(.text)
    NMI_Handler                              0x08000109   Thumb Code     2  startup_stm32f10x_md.o(.text)
    HardFault_Handler                        0x0800010b   Thumb Code     2  startup_stm32f10x_md.o(.text)
    MemManage_Handler                        0x0800010d   Thumb Code     2  startup_stm32f10x_md.o(.text)
    BusFault_Handler                         0x0800010f   Thumb Code     2  startup_stm32f10x_md.o(.text)
    UsageFault_Handler                       0x08000111   Thumb Code     2  startup_stm32f10x_md.o(.text)
    SVC_Handler                              0x08000113   Thumb Code     2  startup_stm32f10x_md.o(.text)
    DebugMon_Handler                         0x08000115   Thumb Code     2  startup_stm32f10x_md.o(.text)
    ADC1_2_IRQHandler                        0x0800011b   Thumb Code     0  startup_stm32f10x_md.o(.text)
    CAN1_RX1_IRQHandler                      0x0800011b   Thumb Code     0  startup_stm32f10x_md.o(.text)
    CAN1_SCE_IRQHandler                      0x0800011b   Thumb Code     0  startup_stm32f10x_md.o(.text)
    DMA1_Channel1_IRQHandler                 0x0800011b   Thumb Code     0  startup_stm32f10x_md.o(.text)
    DMA1_Channel2_IRQHandler                 0x0800011b   Thumb Code     0  startup_stm32f10x_md.o(.text)
    DMA1_Channel5_IRQHandler                 0x0800011b   Thumb Code     0  startup_stm32f10x_md.o(.text)
    DMA1_Channel6_IRQHandler                 0x0800011b   Thumb Code     0  startup_stm32f10x_md.o(.text)
    DMA1_Channel7_IRQHandler                 0x0800011b   Thumb Code     0  startup_stm32f10x_md.o(.text)
    EXTI0_IRQHandler                         0x0800011b   Thumb Code     0  startup_stm32f10x_md.o(.text)
    EXTI1_IRQHandler                         0x0800011b   Thumb Code     0  startup_stm32f10x_md.o(.text)
    EXTI2_IRQHandler                         0x0800011b   Thumb Code     0  startup_stm32f10x_md.o(.text)
    EXTI3_IRQHandler                         0x0800011b   Thumb Code     0  startup_stm32f10x_md.o(.text)
    EXTI4_IRQHandler                         0x0800011b   Thumb Code     0  startup_stm32f10x_md.o(.text)
    EXTI9_5_IRQHandler                       0x0800011b   Thumb Code     0  startup_stm32f10x_md.o(.text)
    FLASH_IRQHandler                         0x0800011b   Thumb Code     0  startup_stm32f10x_md.o(.text)
    I2C1_ER_IRQHandler                       0x0800011b   Thumb Code     0  startup_stm32f10x_md.o(.text)
    I2C1_EV_IRQHandler                       0x0800011b   Thumb Code     0  startup_stm32f10x_md.o(.text)
    I2C2_ER_IRQHandler                       0x0800011b   Thumb Code     0  startup_stm32f10x_md.o(.text)
    I2C2_EV_IRQHandler                       0x0800011b   Thumb Code     0  startup_stm32f10x_md.o(.text)
    PVD_IRQHandler                           0x0800011b   Thumb Code     0  startup_stm32f10x_md.o(.text)
    RCC_IRQHandler                           0x0800011b   Thumb Code     0  startup_stm32f10x_md.o(.text)
    RTCAlarm_IRQHandler                      0x0800011b   Thumb Code     0  startup_stm32f10x_md.o(.text)
    RTC_IRQHandler                           0x0800011b   Thumb Code     0  startup_stm32f10x_md.o(.text)
    SPI1_IRQHandler                          0x0800011b   Thumb Code     0  startup_stm32f10x_md.o(.text)
    SPI2_IRQHandler                          0x0800011b   Thumb Code     0  startup_stm32f10x_md.o(.text)
    TAMPER_IRQHandler                        0x0800011b   Thumb Code     0  startup_stm32f10x_md.o(.text)
    TIM1_BRK_IRQHandler                      0x0800011b   Thumb Code     0  startup_stm32f10x_md.o(.text)
    TIM1_CC_IRQHandler                       0x0800011b   Thumb Code     0  startup_stm32f10x_md.o(.text)
    TIM1_TRG_COM_IRQHandler                  0x0800011b   Thumb Code     0  startup_stm32f10x_md.o(.text)
    TIM3_IRQHandler                          0x0800011b   Thumb Code     0  startup_stm32f10x_md.o(.text)
    TIM4_IRQHandler                          0x0800011b   Thumb Code     0  startup_stm32f10x_md.o(.text)
    USART2_IRQHandler                        0x0800011b   Thumb Code     0  startup_stm32f10x_md.o(.text)
    USART3_IRQHandler                        0x0800011b   Thumb Code     0  startup_stm32f10x_md.o(.text)
    USBWakeUp_IRQHandler                     0x0800011b   Thumb Code     0  startup_stm32f10x_md.o(.text)
    USB_HP_CAN1_TX_IRQHandler                0x0800011b   Thumb Code     0  startup_stm32f10x_md.o(.text)
    USB_LP_CAN1_RX0_IRQHandler               0x0800011b   Thumb Code     0  startup_stm32f10x_md.o(.text)
    WWDG_IRQHandler                          0x0800011b   Thumb Code     0  startup_stm32f10x_md.o(.text)
    OsCpuCalcHiPRIO                          0x08000125   Thumb Code     0  tcl.arm.cm3.keil.o(.text)
    OsCpuDisableInt                          0x0800012f   Thumb Code     0  tcl.arm.cm3.keil.o(.text)
    OsCpuEnableInt                           0x08000133   Thumb Code     0  tcl.arm.cm3.keil.o(.text)
    OsCpuEnterCritical                       0x08000137   Thumb Code     0  tcl.arm.cm3.keil.o(.text)
    OsCpuLeaveCritical                       0x08000141   Thumb Code     0  tcl.arm.cm3.keil.o(.text)
    PendSV_Handler                           0x08000147   Thumb Code     0  tcl.arm.cm3.keil.o(.text)
    __aeabi_uldivmod                         0x08000189   Thumb Code    98  uldiv.o(.text)
    __rt_ctype_table                         0x080001ed   Thumb Code     4  ctype_o.o(.text)
    isspace                                  0x080001f5   Thumb Code    18  isspace_o.o(.text)
    __aeabi_memcpy                           0x08000207   Thumb Code    36  memcpya.o(.text)
    __aeabi_memcpy4                          0x08000207   Thumb Code     0  memcpya.o(.text)
    __aeabi_memcpy8                          0x08000207   Thumb Code     0  memcpya.o(.text)
    __aeabi_memset                           0x0800022b   Thumb Code    14  memseta.o(.text)
    __aeabi_memset4                          0x0800022b   Thumb Code     0  memseta.o(.text)
    __aeabi_memset8                          0x0800022b   Thumb Code     0  memseta.o(.text)
    __aeabi_memclr                           0x08000239   Thumb Code     4  memseta.o(.text)
    __aeabi_memclr4                          0x08000239   Thumb Code     0  memseta.o(.text)
    __aeabi_memclr8                          0x08000239   Thumb Code     0  memseta.o(.text)
    _memset$wrapper                          0x0800023d   Thumb Code    18  memseta.o(.text)
    strncpy                                  0x0800024f   Thumb Code    24  strncpy.o(.text)
    strlen                                   0x08000267   Thumb Code    14  strlen.o(.text)
    memchr                                   0x08000275   Thumb Code    20  memchr.o(.text)
    memcmp                                   0x08000289   Thumb Code    26  memcmp.o(.text)
    strtol                                   0x080002a3   Thumb Code   112  strtol.o(.text)
    __aeabi_dadd                             0x08000313   Thumb Code   322  dadd.o(.text)
    __aeabi_dsub                             0x08000455   Thumb Code     6  dadd.o(.text)
    __aeabi_drsub                            0x0800045b   Thumb Code     6  dadd.o(.text)
    __aeabi_dmul                             0x08000461   Thumb Code   228  dmul.o(.text)
    __aeabi_ddiv                             0x08000545   Thumb Code   222  ddiv.o(.text)
    __aeabi_i2d                              0x08000623   Thumb Code    34  dflti.o(.text)
    __aeabi_ui2d                             0x08000645   Thumb Code    26  dfltui.o(.text)
    __aeabi_d2uiz                            0x0800065f   Thumb Code    50  dfixui.o(.text)
    __aeabi_cdrcmple                         0x08000691   Thumb Code    48  cdrcmple.o(.text)
    __aeabi_uidiv                            0x080006c1   Thumb Code     0  uidiv.o(.text)
    __aeabi_uidivmod                         0x080006c1   Thumb Code    44  uidiv.o(.text)
    __aeabi_llsl                             0x080006ed   Thumb Code    30  llshl.o(.text)
    _ll_shift_l                              0x080006ed   Thumb Code     0  llshl.o(.text)
    __aeabi_llsr                             0x0800070b   Thumb Code    32  llushr.o(.text)
    _ll_ushift_r                             0x0800070b   Thumb Code     0  llushr.o(.text)
    __aeabi_lasr                             0x0800072b   Thumb Code    36  llsshr.o(.text)
    _ll_sshift_r                             0x0800072b   Thumb Code     0  llsshr.o(.text)
    _strtoul                                 0x0800074f   Thumb Code   158  _strtoul.o(.text)
    __strtod_int                             0x08000823   Thumb Code    88  strtod.o(.text)
    __I$use$fp                               0x08000889   Thumb Code     0  iusefp.o(.text)
    _double_round                            0x08000889   Thumb Code    30  depilogue.o(.text)
    _double_epilogue                         0x080008a7   Thumb Code   156  depilogue.o(.text)
    __aeabi_d2ulz                            0x08000943   Thumb Code    48  dfixul.o(.text)
    __scatterload                            0x08000975   Thumb Code    28  init.o(.text)
    __scatterload_rt2                        0x08000975   Thumb Code     0  init.o(.text)
    _chval                                   0x08000999   Thumb Code    28  _chval.o(.text)
    _scanf_real                              0x08000ab5   Thumb Code     0  scanf_fp.o(.text)
    _scanf_really_real                       0x08000ab5   Thumb Code   556  scanf_fp.o(.text)
    _sgetc                                   0x08000ced   Thumb Code    30  _sgetc.o(.text)
    _sbackspace                              0x08000d0b   Thumb Code    34  _sgetc.o(.text)
    __aeabi_ul2d                             0x08000d2d   Thumb Code    24  dfltul.o(.text)
    __aeabi_d2f                              0x08000d45   Thumb Code    56  d2f.o(.text)
    _float_round                             0x08000d7d   Thumb Code    18  fepilogue.o(.text)
    _float_epilogue                          0x08000d8f   Thumb Code    92  fepilogue.o(.text)
    __decompress                             0x08000deb   Thumb Code     0  __dczerorl2.o(.text)
    __decompress1                            0x08000deb   Thumb Code    86  __dczerorl2.o(.text)
    BASystemSetupEntry                       0x08000fad   Thumb Code    36  bsp.o(i.BASystemSetupEntry)
    Crc16                                    0x080011c5   Thumb Code    56  bsp_common.o(i.Crc16)
    DMA1_Channel3_IRQHandler                 0x080011fd   Thumb Code     8  bsp_gps.o(i.DMA1_Channel3_IRQHandler)
    DMA1_Channel4_IRQHandler                 0x08001205   Thumb Code     8  bsp_gps.o(i.DMA1_Channel4_IRQHandler)
    DMA1_DATA_Trans_Task_OFF                 0x0800120d   Thumb Code     8  bsp_uart.o(i.DMA1_DATA_Trans_Task_OFF)
    DMA1_DATA_Trans_Task_ON                  0x08001219   Thumb Code     8  bsp_uart.o(i.DMA1_DATA_Trans_Task_ON)
    DMA_ClearFlag                            0x08001225   Thumb Code    18  stm32f10x_dma.o(i.DMA_ClearFlag)
    DMA_Cmd                                  0x08001241   Thumb Code    24  stm32f10x_dma.o(i.DMA_Cmd)
    DMA_DeInit                               0x08001259   Thumb Code   324  stm32f10x_dma.o(i.DMA_DeInit)
    DMA_GetITStatus                          0x080013a5   Thumb Code    36  stm32f10x_dma.o(i.DMA_GetITStatus)
    DMA_ITConfig                             0x080013d1   Thumb Code    18  stm32f10x_dma.o(i.DMA_ITConfig)
    DMA_Init                                 0x080013e3   Thumb Code    60  stm32f10x_dma.o(i.DMA_Init)
    DMA_Uart1_Init                           0x08001421   Thumb Code   140  bsp_uart.o(i.DMA_Uart1_Init)
    EXTI15_10_IRQHandler                     0x08001585   Thumb Code    18  tcl.stm32.f103rb.o(i.EXTI15_10_IRQHandler)
    EvbTraceEntry                            0x08001597   Thumb Code     2  bsp.o(i.EvbTraceEntry)
    GPIO_Init                                0x08001599   Thumb Code   278  stm32f10x_gpio.o(i.GPIO_Init)
    GPIO_ResetBits                           0x080016af   Thumb Code     4  stm32f10x_gpio.o(i.GPIO_ResetBits)
    GPIO_SetBits                             0x080016b3   Thumb Code     4  stm32f10x_gpio.o(i.GPIO_SetBits)
    GPS_ProcessDMAIRQ                        0x080017a9   Thumb Code    50  bsp_gps.o(i.GPS_ProcessDMAIRQ)
    NVIC_Init                                0x08001931   Thumb Code   100  misc.o(i.NVIC_Init)
    NVIC_PriorityGroupConfig                 0x080019a1   Thumb Code    10  misc.o(i.NVIC_PriorityGroupConfig)
    OsCpuBuildThreadStack                    0x08001a0d   Thumb Code   146  tcl.arm.cm3.o(i.OsCpuBuildThreadStack)
    OsCpuCancelThreadSwitch                  0x08001aa1   Thumb Code    10  tcl.arm.cm3.o(i.OsCpuCancelThreadSwitch)
    OsCpuConfirmThreadSwitch                 0x08001ab1   Thumb Code    10  tcl.arm.cm3.o(i.OsCpuConfirmThreadSwitch)
    OsCpuLoadRootThread                      0x08001ac1   Thumb Code    10  tcl.arm.cm3.o(i.OsCpuLoadRootThread)
    OsCpuSetupEntry                          0x08001ad1   Thumb Code     8  tcl.arm.cm3.o(i.OsCpuSetupEntry)
    OsCpuStartTickClock                      0x08001add   Thumb Code    16  tcl.arm.cm3.o(i.OsCpuStartTickClock)
    OsDebugPanic                             0x08001af1   Thumb Code    50  tcl.debug.o(i.OsDebugPanic)
    OsIpcBlockThread                         0x08001b29   Thumb Code   280  tcl.ipc.o(i.OsIpcBlockThread)
    OsIpcCleanContext                        0x08001c6d   Thumb Code    20  tcl.ipc.o(i.OsIpcCleanContext)
    OsIpcUnblockAll                          0x08001c81   Thumb Code    66  tcl.ipc.o(i.OsIpcUnblockAll)
    OsIpcUnblockThread                       0x08001cc5   Thumb Code   240  tcl.ipc.o(i.OsIpcUnblockThread)
    OsIrqEnterISR                            0x08001de1   Thumb Code   114  tcl.irq.o(i.OsIrqEnterISR)
    OsIrqModuleInit                          0x08001e81   Thumb Code   108  tcl.irq.o(i.OsIrqModuleInit)
    OsKernelAddObject                        0x08001f35   Thumb Code    76  tcl.kernel.o(i.OsKernelAddObject)
    OsKernelEnterIntrState                   0x08001f85   Thumb Code    30  tcl.kernel.o(i.OsKernelEnterIntrState)
    OsKernelLeaveIntrState                   0x08001fa9   Thumb Code    70  tcl.kernel.o(i.OsKernelLeaveIntrState)
    OsKernelTickISR                          0x0800201d   Thumb Code    70  tcl.kernel.o(i.OsKernelTickISR)
    OsObjListAddDiffNode                     0x08002069   Thumb Code   152  tcl.object.o(i.OsObjListAddDiffNode)
    OsObjListAddNode                         0x08002129   Thumb Code    86  tcl.object.o(i.OsObjListAddNode)
    OsObjListAddPriorityNode                 0x080021a9   Thumb Code    96  tcl.object.o(i.OsObjListAddPriorityNode)
    OsObjListRemoveDiffNode                  0x08002209   Thumb Code   130  tcl.object.o(i.OsObjListRemoveDiffNode)
    OsObjListRemoveNode                      0x080022b5   Thumb Code   102  tcl.object.o(i.OsObjListRemoveNode)
    OsObjQueueAddFifoNode                    0x08002345   Thumb Code    70  tcl.object.o(i.OsObjQueueAddFifoNode)
    OsObjQueueAddPriorityNode                0x080023b5   Thumb Code   100  tcl.object.o(i.OsObjQueueAddPriorityNode)
    OsObjQueueRemoveNode                     0x08002441   Thumb Code    72  tcl.object.o(i.OsObjQueueRemoveNode)
    OsThreadCreate                           0x080024b1   Thumb Code   230  tcl.thread.o(i.OsThreadCreate)
    OsThreadEnterQueue                       0x080025cd   Thumb Code    84  tcl.thread.o(i.OsThreadEnterQueue)
    OsThreadLeaveQueue                       0x08002649   Thumb Code    92  tcl.thread.o(i.OsThreadLeaveQueue)
    OsThreadModuleInit                       0x080026cd   Thumb Code   106  tcl.thread.o(i.OsThreadModuleInit)
    OsThreadResume                           0x08002781   Thumb Code    66  tcl.thread.o(i.OsThreadResume)
    OsThreadSchedule                         0x080027d1   Thumb Code   148  tcl.thread.o(i.OsThreadSchedule)
    OsThreadSuspend                          0x08002895   Thumb Code    56  tcl.thread.o(i.OsThreadSuspend)
    OsThreadTickUpdate                       0x080028d9   Thumb Code   102  tcl.thread.o(i.OsThreadTickUpdate)
    OsThreadTimerTickUpdate                  0x08002949   Thumb Code   238  tcl.thread.o(i.OsThreadTimerTickUpdate)
    OsTimerModuleInit                        0x08002a65   Thumb Code   106  tcl.timer.o(i.OsTimerModuleInit)
    OsTimerTickUpdate                        0x08002b1d   Thumb Code   132  tcl.timer.o(i.OsTimerTickUpdate)
    Process_Robort_Direction_Cmd             0x08002bf7   Thumb Code   116  parser.o(i.Process_Robort_Direction_Cmd)
    RCC_AHBPeriphClockCmd                    0x08002e95   Thumb Code    26  stm32f10x_rcc.o(i.RCC_AHBPeriphClockCmd)
    RCC_APB1PeriphClockCmd                   0x08002eb5   Thumb Code    26  stm32f10x_rcc.o(i.RCC_APB1PeriphClockCmd)
    RCC_APB1PeriphResetCmd                   0x08002ed5   Thumb Code    26  stm32f10x_rcc.o(i.RCC_APB1PeriphResetCmd)
    RCC_APB2PeriphClockCmd                   0x08002ef5   Thumb Code    26  stm32f10x_rcc.o(i.RCC_APB2PeriphClockCmd)
    RCC_APB2PeriphResetCmd                   0x08002f15   Thumb Code    26  stm32f10x_rcc.o(i.RCC_APB2PeriphResetCmd)
    RCC_GetClocksFreq                        0x08002f35   Thumb Code   192  stm32f10x_rcc.o(i.RCC_GetClocksFreq)
    RobortBeepThreadServer                   0x0800310d   Thumb Code   110  beep.o(i.RobortBeepThreadServer)
    RobortGpsThreadServer                    0x08003181   Thumb Code   184  gps.o(i.RobortGpsThreadServer)
    RobortLightThreadServer                  0x08003259   Thumb Code   112  light.o(i.RobortLightThreadServer)
    RobortMotorThreadServer                  0x080032cd   Thumb Code   114  motor.o(i.RobortMotorThreadServer)
    RobortParserThreadServer                 0x08003345   Thumb Code    90  parser.o(i.RobortParserThreadServer)
    RobortReceiverThreadServer               0x080033c9   Thumb Code   122  receiver.o(i.RobortReceiverThreadServer)
    RobortSenderThreadServer                 0x08003465   Thumb Code    66  sender.o(i.RobortSenderThreadServer)
    RobortSteerThreadServer                  0x080034ad   Thumb Code    76  steer.o(i.RobortSteerThreadServer)
    Robort_Beep_Init                         0x0800350b   Thumb Code    26  beep.o(i.Robort_Beep_Init)
    Robort_GPS_Init                          0x08003701   Thumb Code    22  gps.o(i.Robort_GPS_Init)
    Robort_Light_Init                        0x08003717   Thumb Code    26  light.o(i.Robort_Light_Init)
    Robort_Motor_Init                        0x08003731   Thumb Code   150  motor.o(i.Robort_Motor_Init)
    Robort_Parser_Init                       0x080037c9   Thumb Code    72  parser.o(i.Robort_Parser_Init)
    Robort_Receiver_Init                     0x08003845   Thumb Code    76  receiver.o(i.Robort_Receiver_Init)
    Robort_Sender_Init                       0x080038d9   Thumb Code    72  sender.o(i.Robort_Sender_Init)
    Robort_Steer_Init                        0x08003a03   Thumb Code    84  steer.o(i.Robort_Steer_Init)
    STM32_GPIO_ConfgPin                      0x08003af5   Thumb Code   396  bsp_gpio.o(i.STM32_GPIO_ConfgPin)
    STM32_GPIO_SetPin                        0x08003c9d   Thumb Code   216  bsp_gpio.o(i.STM32_GPIO_SetPin)
    STM32_TIMER2_PWMControl                  0x08003d91   Thumb Code   128  bsp_pwm.o(i.STM32_TIMER2_PWMControl)
    STM32_TIMER3_PWMControl                  0x08003e11   Thumb Code   118  bsp_pwm.o(i.STM32_TIMER3_PWMControl)
    STM32_TIMER4_PWMControl                  0x08003e8d   Thumb Code   118  bsp_pwm.o(i.STM32_TIMER4_PWMControl)
    STM32_UART1_Write                        0x08003f09   Thumb Code    38  bsp_uart.o(i.STM32_UART1_Write)
    STM32_UART3_DMA_Init                     0x08003f35   Thumb Code     8  bsp_gps.o(i.STM32_UART3_DMA_Init)
    STM32_UART_Init                          0x08003f3d   Thumb Code    22  bsp_uart.o(i.STM32_UART_Init)
    STM32_UART_Read                          0x08003f55   Thumb Code   148  bsp_uart.o(i.STM32_UART_Read)
    SysTick_Handler                          0x08004429   Thumb Code    16  tcl.stm32.f103rb.o(i.SysTick_Handler)
    SystemInit                               0x08004439   Thumb Code    78  system_stm32f10x.o(i.SystemInit)
    TIM1_UP_IRQHandler                       0x08004499   Thumb Code   140  bsp_timer.o(i.TIM1_UP_IRQHandler)
    TIM2_IRQHandler                          0x08004541   Thumb Code    18  tcl.stm32.f103rb.o(i.TIM2_IRQHandler)
    TIM2_PWM_Init                            0x08004555   Thumb Code   234  bsp_pwm.o(i.TIM2_PWM_Init)
    TIM3_PWM_Init                            0x08004645   Thumb Code   258  bsp_pwm.o(i.TIM3_PWM_Init)
    TIM4_PWM_Init                            0x08004755   Thumb Code   226  bsp_pwm.o(i.TIM4_PWM_Init)
    TIM_ARRPreloadConfig                     0x08004841   Thumb Code    24  stm32f10x_tim.o(i.TIM_ARRPreloadConfig)
    TIM_ClearITPendingBit                    0x08004859   Thumb Code     6  stm32f10x_tim.o(i.TIM_ClearITPendingBit)
    TIM_Cmd                                  0x0800485f   Thumb Code    24  stm32f10x_tim.o(i.TIM_Cmd)
    TIM_CtrlPWMOutputs                       0x08004877   Thumb Code    30  stm32f10x_tim.o(i.TIM_CtrlPWMOutputs)
    TIM_OC1Init                              0x08004895   Thumb Code   132  stm32f10x_tim.o(i.TIM_OC1Init)
    TIM_OC1PreloadConfig                     0x0800492d   Thumb Code    18  stm32f10x_tim.o(i.TIM_OC1PreloadConfig)
    TIM_OC2Init                              0x08004941   Thumb Code   154  stm32f10x_tim.o(i.TIM_OC2Init)
    TIM_OC2PreloadConfig                     0x080049e5   Thumb Code    26  stm32f10x_tim.o(i.TIM_OC2PreloadConfig)
    TIM_OC3Init                              0x08004a01   Thumb Code   150  stm32f10x_tim.o(i.TIM_OC3Init)
    TIM_OC3PreloadConfig                     0x08004aa1   Thumb Code    18  stm32f10x_tim.o(i.TIM_OC3PreloadConfig)
    TIM_OC4Init                              0x08004ab5   Thumb Code   114  stm32f10x_tim.o(i.TIM_OC4Init)
    TIM_OC4PreloadConfig                     0x08004b31   Thumb Code    26  stm32f10x_tim.o(i.TIM_OC4PreloadConfig)
    TIM_SetCompare1                          0x08004b4b   Thumb Code     4  stm32f10x_tim.o(i.TIM_SetCompare1)
    TIM_SetCompare2                          0x08004b4f   Thumb Code     4  stm32f10x_tim.o(i.TIM_SetCompare2)
    TIM_SetCompare3                          0x08004b53   Thumb Code     4  stm32f10x_tim.o(i.TIM_SetCompare3)
    TIM_SetCompare4                          0x08004b57   Thumb Code     6  stm32f10x_tim.o(i.TIM_SetCompare4)
    TIM_TimeBaseInit                         0x08004b5d   Thumb Code   122  stm32f10x_tim.o(i.TIM_TimeBaseInit)
    TclActivateThread                        0x08004c01   Thumb Code   184  tcl.thread.o(i.TclActivateThread)
    TclBroadcastMessage                      0x08004ced   Thumb Code   170  tcl.message.o(i.TclBroadcastMessage)
    TclCreateMsgQueue                        0x08004dc9   Thumb Code   210  tcl.message.o(i.TclCreateMsgQueue)
    TclCreateSemaphore                       0x08004ec9   Thumb Code   204  tcl.semaphore.o(i.TclCreateSemaphore)
    TclCreateThread                          0x08004fc1   Thumb Code   318  tcl.thread.o(i.TclCreateThread)
    TclObtainSemaphore                       0x0800512d   Thumb Code   192  tcl.semaphore.o(i.TclObtainSemaphore)
    TclReceiveMessage                        0x080051f1   Thumb Code   256  tcl.message.o(i.TclReceiveMessage)
    TclReleaseSemaphore                      0x08005321   Thumb Code   236  tcl.semaphore.o(i.TclReleaseSemaphore)
    TclSendMessage                           0x0800543d   Thumb Code   198  tcl.message.o(i.TclSendMessage)
    TclStartKernel                           0x08005509   Thumb Code   172  tcl.kernel.o(i.TclStartKernel)
    TclTrace                                 0x080055e1   Thumb Code    50  tcl.kernel.o(i.TclTrace)
    UART1_Init                               0x080056f9   Thumb Code   160  bsp_uart.o(i.UART1_Init)
    UART3_Init                               0x08005889   Thumb Code   120  bsp_uart.o(i.UART3_Init)
    USART1_IRQHandler                        0x08005909   Thumb Code   376  bsp_uart.o(i.USART1_IRQHandler)
    USART_Cmd                                0x08005ac5   Thumb Code    24  stm32f10x_usart.o(i.USART_Cmd)
    USART_DMACmd                             0x08005add   Thumb Code    18  stm32f10x_usart.o(i.USART_DMACmd)
    USART_DeInit                             0x08005af1   Thumb Code   134  stm32f10x_usart.o(i.USART_DeInit)
    USART_GetITStatus                        0x08005b8d   Thumb Code    84  stm32f10x_usart.o(i.USART_GetITStatus)
    USART_ITConfig                           0x08005be1   Thumb Code    74  stm32f10x_usart.o(i.USART_ITConfig)
    USART_Init                               0x08005c2d   Thumb Code   210  stm32f10x_usart.o(i.USART_Init)
    USART_ReceiveData                        0x08005d05   Thumb Code    10  stm32f10x_usart.o(i.USART_ReceiveData)
    Upload_ProcessDMAIRQ                     0x08005d0f   Thumb Code    26  bsp_uart.o(i.Upload_ProcessDMAIRQ)
    __0vsnprintf                             0x08005d29   Thumb Code    32  printfa.o(i.__0vsnprintf)
    __1vsnprintf                             0x08005d29   Thumb Code     0  printfa.o(i.__0vsnprintf)
    __2vsnprintf                             0x08005d29   Thumb Code     0  printfa.o(i.__0vsnprintf)
    __c89vsnprintf                           0x08005d29   Thumb Code     0  printfa.o(i.__0vsnprintf)
    vsnprintf                                0x08005d29   Thumb Code     0  printfa.o(i.__0vsnprintf)
    __aeabi_errno_addr                       0x08005d4d   Thumb Code     4  errno.o(i.__aeabi_errno_addr)
    __rt_errno_addr                          0x08005d4d   Thumb Code     0  errno.o(i.__aeabi_errno_addr)
    __scatterload_copy                       0x08005d55   Thumb Code    14  handlers.o(i.__scatterload_copy)
    __scatterload_null                       0x08005d63   Thumb Code     2  handlers.o(i.__scatterload_null)
    __scatterload_zeroinit                   0x08005d65   Thumb Code    14  handlers.o(i.__scatterload_zeroinit)
    _is_digit                                0x08005ed9   Thumb Code    14  scanf_fp.o(i._is_digit)
    _nmea_parse_time                         0x08005ee9   Thumb Code   132  parse.o(i._nmea_parse_time)
    free                                     0x08006749   Thumb Code    76  malloc.o(i.free)
    main                                     0x08006799   Thumb Code    18  main.o(i.main)
    malloc                                   0x080067bd   Thumb Code    92  malloc.o(i.malloc)
    nmea_GPGGA2info                          0x08006829   Thumb Code    98  parse.o(i.nmea_GPGGA2info)
    nmea_GPGSA2info                          0x0800688b   Thumb Code   118  parse.o(i.nmea_GPGSA2info)
    nmea_GPGSV2info                          0x08006901   Thumb Code   198  parse.o(i.nmea_GPGSV2info)
    nmea_GPRMC2info                          0x080069c9   Thumb Code   148  parse.o(i.nmea_GPRMC2info)
    nmea_GPVTG2info                          0x08006a65   Thumb Code    34  parse.o(i.nmea_GPVTG2info)
    nmea_atof                                0x08006a87   Thumb Code    54  tok.o(i.nmea_atof)
    nmea_atoi                                0x08006abd   Thumb Code    50  tok.o(i.nmea_atoi)
    nmea_error                               0x08006aef   Thumb Code    70  context.o(i.nmea_error)
    nmea_find_tail                           0x08006b35   Thumb Code   130  parse.o(i.nmea_find_tail)
    nmea_pack_type                           0x08006bb9   Thumb Code   108  parse.o(i.nmea_pack_type)
    nmea_parse                               0x08006c29   Thumb Code   134  parser_1.o(i.nmea_parse)
    nmea_parse_GPGGA                         0x08006cb1   Thumb Code   148  parse.o(i.nmea_parse_GPGGA)
    nmea_parse_GPGSA                         0x08006da5   Thumb Code   128  parse.o(i.nmea_parse_GPGSA)
    nmea_parse_GPGSV                         0x08006e75   Thumb Code   174  parse.o(i.nmea_parse_GPGSV)
    nmea_parse_GPRMC                         0x08006f3d   Thumb Code   172  parse.o(i.nmea_parse_GPRMC)
    nmea_parse_GPVTG                         0x08007049   Thumb Code   132  parse.o(i.nmea_parse_GPVTG)
    nmea_parser_buff_clear                   0x08007125   Thumb Code    10  parser_1.o(i.nmea_parser_buff_clear)
    nmea_parser_init                         0x08007131   Thumb Code    54  parser_1.o(i.nmea_parser_init)
    nmea_parser_pop                          0x08007181   Thumb Code    44  parser_1.o(i.nmea_parser_pop)
    nmea_parser_push                         0x080071ad   Thumb Code    50  parser_1.o(i.nmea_parser_push)
    nmea_parser_real_push                    0x080071e1   Thumb Code   510  parser_1.o(i.nmea_parser_real_push)
    nmea_property                            0x080073f9   Thumb Code     4  context.o(i.nmea_property)
    nmea_scanf                               0x08007401   Thumb Code   538  tok.o(i.nmea_scanf)
    nmea_time_now                            0x0800761b   Thumb Code    24  time.o(i.nmea_time_now)
    nmea_trace_buff                          0x08007633   Thumb Code    24  context.o(i.nmea_trace_buff)
    nmea_zero_INFO                           0x0800764b   Thumb Code    30  info.o(i.nmea_zero_INFO)
    strtod                                   0x08007669   Thumb Code    28  strtod.o(i.strtod)
    __ctype_table                            0x08007bc5   Data         129  ctype_o.o(.constdata)
    Region$$Table$$Base                      0x08007d1c   Number         0  anon$$obj.o(Region$$Table)
    Region$$Table$$Limit                     0x08007d3c   Number         0  anon$$obj.o(Region$$Table)
    BAUserThreadInfoTable                    0x20000020   Data         320  common.o(.data)
    pInterMsg                                0x2000016c   Data           4  parser.o(.data)
    pExternMsg                               0x20000170   Data           4  parser.o(.data)
    GPS_TransferEnd                          0x20000174   Data           1  bsp_gps.o(.data)
    GPS_HalfTransferEnd                      0x20000175   Data           1  bsp_gps.o(.data)
    Task_20ms                                0x2000017c   Data           1  bsp_timer.o(.data)
    Task_50ms                                0x2000017d   Data           1  bsp_timer.o(.data)
    Task_100ms                               0x2000017e   Data           1  bsp_timer.o(.data)
    Task_500ms                               0x2000017f   Data           1  bsp_timer.o(.data)
    Task_1s                                  0x20000180   Data           1  bsp_timer.o(.data)
    Tx_Ptr                                   0x20000181   Data           1  bsp_uart.o(.data)
    Rx_Ptr                                   0x20000182   Data           1  bsp_uart.o(.data)
    Tx_Tail                                  0x20000183   Data           1  bsp_uart.o(.data)
    Rx_Tail                                  0x20000184   Data           1  bsp_uart.o(.data)
    Rx_Step                                  0x20000185   Data           1  bsp_uart.o(.data)
    Tx_Count                                 0x20000186   Data           1  bsp_uart.o(.data)
    Rx_Count                                 0x20000187   Data           1  bsp_uart.o(.data)
    Temp                                     0x20000188   Data           1  bsp_uart.o(.data)
    i                                        0x20000189   Data           1  bsp_uart.o(.data)
    DMA1_Uart_Status                         0x2000018a   Data           1  bsp_uart.o(.data)
    __microlib_freelist                      0x200001ac   Data           4  mvars.o(.data)
    __microlib_freelist_initialised          0x200001b0   Data           4  mvars.o(.data)
    OsKernelVariable                         0x20000600   Data         128  tcl.kernel.o(.bss)
    ThreadTable                              0x20000dc8   Data        1280  common.o(.bss)
    pThreadEntryTable                        0x200012c8   Data          32  common.o(.bss)
    ThreadStackTable                         0x200012e8   Data          32  common.o(.bss)
    InternMsgInPool                          0x20001308   Data          64  common.o(.bss)
    InternMsgInQueue                         0x20001348   Data          68  common.o(.bss)
    InternMsgOutPool                         0x2000138c   Data          64  common.o(.bss)
    InternMsgOutQueue                        0x200013cc   Data          68  common.o(.bss)
    ExternMsgInPool                          0x20001410   Data          64  common.o(.bss)
    ExternInMsgQueue                         0x20001450   Data          68  common.o(.bss)
    ExternMsgOutPool                         0x20001494   Data          64  common.o(.bss)
    ExternOutMsgQueue                        0x200014d4   Data          68  common.o(.bss)
    GPS_Info_Data                            0x20001518   Data          20  gps.o(.bss)
    info                                     0x20001530   Data         360  gps.o(.bss)
    parser                                   0x20001698   Data          20  gps.o(.bss)
    gps_rbuff                                0x200016ac   Data         512  bsp_gps.o(.bss)
    Tx_Buffer                                0x200018ac   Data          50  bsp_uart.o(.bss)
    Rx_Buffer                                0x200018de   Data          50  bsp_uart.o(.bss)
    Rx_Process_Buffer                        0x20001910   Data          50  bsp_uart.o(.bss)
    __heap_base                              0x20001980   Data           0  startup_stm32f10x_md.o(HEAP)
    __heap_limit                             0x20002980   Data           0  startup_stm32f10x_md.o(HEAP)
    __initial_sp                             0x20002d80   Data           0  startup_stm32f10x_md.o(STACK)



==============================================================================

Memory Map of the image

  Image Entry point : 0x080000ed

  Load Region LR_IROM1 (Base: 0x08000000, Size: 0x00007ef4, Max: 0x00020000, ABSOLUTE, COMPRESSED[0x00007d98])

    Execution Region ER_IROM1 (Base: 0x08000000, Size: 0x00007d3c, Max: 0x00020000, ABSOLUTE)

    Base Addr    Size         Type   Attr      Idx    E Section Name        Object

    0x08000000   0x000000ec   Data   RO           71    RESET               startup_stm32f10x_md.o
    0x080000ec   0x00000000   Code   RO         6723  * .ARM.Collect$$$$00000000  mc_w.l(entry.o)
    0x080000ec   0x00000004   Code   RO         7121    .ARM.Collect$$$$00000001  mc_w.l(entry2.o)
    0x080000f0   0x00000004   Code   RO         7124    .ARM.Collect$$$$00000004  mc_w.l(entry5.o)
    0x080000f4   0x00000000   Code   RO         7126    .ARM.Collect$$$$00000008  mc_w.l(entry7b.o)
    0x080000f4   0x00000000   Code   RO         7128    .ARM.Collect$$$$0000000A  mc_w.l(entry8b.o)
    0x080000f4   0x00000008   Code   RO         7129    .ARM.Collect$$$$0000000B  mc_w.l(entry9a.o)
    0x080000fc   0x00000000   Code   RO         7131    .ARM.Collect$$$$0000000D  mc_w.l(entry10a.o)
    0x080000fc   0x00000000   Code   RO         7133    .ARM.Collect$$$$0000000F  mc_w.l(entry11a.o)
    0x080000fc   0x00000004   Code   RO         7122    .ARM.Collect$$$$00002712  mc_w.l(entry2.o)
    0x08000100   0x00000024   Code   RO           72    .text               startup_stm32f10x_md.o
    0x08000124   0x00000064   Code   RO         3581    .text               tcl.arm.cm3.keil.o
    0x08000188   0x00000062   Code   RO         6726    .text               mc_w.l(uldiv.o)
    0x080001ea   0x00000002   PAD
    0x080001ec   0x00000008   Code   RO         6728    .text               mc_w.l(ctype_o.o)
    0x080001f4   0x00000012   Code   RO         6750    .text               mc_w.l(isspace_o.o)
    0x08000206   0x00000024   Code   RO         6759    .text               mc_w.l(memcpya.o)
    0x0800022a   0x00000024   Code   RO         6761    .text               mc_w.l(memseta.o)
    0x0800024e   0x00000018   Code   RO         6763    .text               mc_w.l(strncpy.o)
    0x08000266   0x0000000e   Code   RO         6765    .text               mc_w.l(strlen.o)
    0x08000274   0x00000014   Code   RO         6767    .text               mc_w.l(memchr.o)
    0x08000288   0x0000001a   Code   RO         6769    .text               mc_w.l(memcmp.o)
    0x080002a2   0x00000070   Code   RO         7062    .text               mc_w.l(strtol.o)
    0x08000312   0x0000014e   Code   RO         7064    .text               mf_w.l(dadd.o)
    0x08000460   0x000000e4   Code   RO         7066    .text               mf_w.l(dmul.o)
    0x08000544   0x000000de   Code   RO         7068    .text               mf_w.l(ddiv.o)
    0x08000622   0x00000022   Code   RO         7070    .text               mf_w.l(dflti.o)
    0x08000644   0x0000001a   Code   RO         7072    .text               mf_w.l(dfltui.o)
    0x0800065e   0x00000032   Code   RO         7076    .text               mf_w.l(dfixui.o)
    0x08000690   0x00000030   Code   RO         7080    .text               mf_w.l(cdrcmple.o)
    0x080006c0   0x0000002c   Code   RO         7138    .text               mc_w.l(uidiv.o)
    0x080006ec   0x0000001e   Code   RO         7140    .text               mc_w.l(llshl.o)
    0x0800070a   0x00000020   Code   RO         7142    .text               mc_w.l(llushr.o)
    0x0800072a   0x00000024   Code   RO         7144    .text               mc_w.l(llsshr.o)
    0x0800074e   0x0000009e   Code   RO         7155    .text               mc_w.l(_strtoul.o)
    0x080007ec   0x0000009c   Code   RO         7157    .text               mc_w.l(strtod.o)
    0x08000888   0x00000000   Code   RO         7159    .text               mc_w.l(iusefp.o)
    0x08000888   0x000000ba   Code   RO         7160    .text               mf_w.l(depilogue.o)
    0x08000942   0x00000030   Code   RO         7166    .text               mf_w.l(dfixul.o)
    0x08000972   0x00000002   PAD
    0x08000974   0x00000024   Code   RO         7168    .text               mc_w.l(init.o)
    0x08000998   0x0000001c   Code   RO         7173    .text               mc_w.l(_chval.o)
    0x080009b4   0x00000338   Code   RO         7175    .text               mc_w.l(scanf_fp.o)
    0x08000cec   0x00000040   Code   RO         7179    .text               mc_w.l(_sgetc.o)
    0x08000d2c   0x00000018   Code   RO         7185    .text               mf_w.l(dfltul.o)
    0x08000d44   0x00000038   Code   RO         7187    .text               mf_w.l(d2f.o)
    0x08000d7c   0x0000006e   Code   RO         7189    .text               mf_w.l(fepilogue.o)
    0x08000dea   0x00000056   Code   RO         7199    .text               mc_w.l(__dczerorl2.o)
    0x08000e40   0x0000002c   Code   RO         4884    i.AllocateThreadStack  main.o
    0x08000e6c   0x00000134   Code   RO         4885    i.AppSetupEntry     main.o
    0x08000fa0   0x0000000c   Code   RO         5121    i.Assemble_Message_Length  parser.o
    0x08000fac   0x00000024   Code   RO         3395    i.BASystemSetupEntry  bsp.o
    0x08000fd0   0x00000054   Code   RO         4886    i.BindThreadFunction  main.o
    0x08001024   0x0000005c   Code   RO         5122    i.BroadcastInternalMessage  parser.o
    0x08001080   0x0000004c   Code   RO         5064    i.CalPWMDutyCycle   motor.o
    0x080010cc   0x00000060   Code   RO         3985    i.CalcThreadHiRP    tcl.thread.o
    0x0800112c   0x00000074   Code   RO         3986    i.CheckThreadStack  tcl.thread.o
    0x080011a0   0x00000024   Code   RO         4357    i.ConsumeMessage    tcl.message.o
    0x080011c4   0x00000038   Code   RO         5471    i.Crc16             bsp_common.o
    0x080011fc   0x00000008   Code   RO         5559    i.DMA1_Channel3_IRQHandler  bsp_gps.o
    0x08001204   0x00000008   Code   RO         5560    i.DMA1_Channel4_IRQHandler  bsp_gps.o
    0x0800120c   0x0000000c   Code   RO         5803    i.DMA1_DATA_Trans_Task_OFF  bsp_uart.o
    0x08001218   0x0000000c   Code   RO         5804    i.DMA1_DATA_Trans_Task_ON  bsp_uart.o
    0x08001224   0x0000001c   Code   RO          931    i.DMA_ClearFlag     stm32f10x_dma.o
    0x08001240   0x00000018   Code   RO          933    i.DMA_Cmd           stm32f10x_dma.o
    0x08001258   0x0000014c   Code   RO          934    i.DMA_DeInit        stm32f10x_dma.o
    0x080013a4   0x0000002c   Code   RO          937    i.DMA_GetITStatus   stm32f10x_dma.o
    0x080013d0   0x00000012   Code   RO          938    i.DMA_ITConfig      stm32f10x_dma.o
    0x080013e2   0x0000003c   Code   RO          939    i.DMA_Init          stm32f10x_dma.o
    0x0800141e   0x00000002   PAD
    0x08001420   0x00000098   Code   RO         5806    i.DMA_Uart1_Init    bsp_uart.o
    0x080014b8   0x000000cc   Code   RO         4146    i.DispatchExpiredTimer  tcl.timer.o
    0x08001584   0x00000012   Code   RO         3632    i.EXTI15_10_IRQHandler  tcl.stm32.f103rb.o
    0x08001596   0x00000002   Code   RO         3396    i.EvbTraceEntry     bsp.o
    0x08001598   0x00000116   Code   RO         1417    i.GPIO_Init         stm32f10x_gpio.o
    0x080016ae   0x00000004   Code   RO         1424    i.GPIO_ResetBits    stm32f10x_gpio.o
    0x080016b2   0x00000004   Code   RO         1425    i.GPIO_SetBits      stm32f10x_gpio.o
    0x080016b6   0x00000002   PAD
    0x080016b8   0x00000018   Code   RO         5317    i.GPS_DATA_Init     gps.o
    0x080016d0   0x000000ac   Code   RO         5318    i.GPS_HalfTransferEnd_Nema  gps.o
    0x0800177c   0x0000002a   Code   RO         5562    i.GPS_Interrupt_Config  bsp_gps.o
    0x080017a6   0x00000002   PAD
    0x080017a8   0x0000003c   Code   RO         5563    i.GPS_ProcessDMAIRQ  bsp_gps.o
    0x080017e4   0x000000ac   Code   RO         5319    i.GPS_TransferEnd_Nema  gps.o
    0x08001890   0x00000054   Code   RO         4887    i.InitUserThreadInfo  main.o
    0x080018e4   0x0000004c   Code   RO         3680    i.IrqDaemonEntry    tcl.irq.o
    0x08001930   0x00000070   Code   RO           79    i.NVIC_Init         misc.o
    0x080019a0   0x00000014   Code   RO           80    i.NVIC_PriorityGroupConfig  misc.o
    0x080019b4   0x00000058   Code   RO         4495    i.ObtainSemaphore   tcl.semaphore.o
    0x08001a0c   0x00000092   Code   RO         3584    i.OsCpuBuildThreadStack  tcl.arm.cm3.o
    0x08001a9e   0x00000002   PAD
    0x08001aa0   0x00000010   Code   RO         3585    i.OsCpuCancelThreadSwitch  tcl.arm.cm3.o
    0x08001ab0   0x00000010   Code   RO         3586    i.OsCpuConfirmThreadSwitch  tcl.arm.cm3.o
    0x08001ac0   0x00000010   Code   RO         3588    i.OsCpuLoadRootThread  tcl.arm.cm3.o
    0x08001ad0   0x0000000c   Code   RO         3589    i.OsCpuSetupEntry   tcl.arm.cm3.o
    0x08001adc   0x00000014   Code   RO         3590    i.OsCpuStartTickClock  tcl.arm.cm3.o
    0x08001af0   0x00000038   Code   RO         3656    i.OsDebugPanic      tcl.debug.o
    0x08001b28   0x00000144   Code   RO         4261    i.OsIpcBlockThread  tcl.ipc.o
    0x08001c6c   0x00000014   Code   RO         4262    i.OsIpcCleanContext  tcl.ipc.o
    0x08001c80   0x00000042   Code   RO         4263    i.OsIpcUnblockAll   tcl.ipc.o
    0x08001cc2   0x00000002   PAD
    0x08001cc4   0x0000011c   Code   RO         4264    i.OsIpcUnblockThread  tcl.ipc.o
    0x08001de0   0x000000a0   Code   RO         3681    i.OsIrqEnterISR     tcl.irq.o
    0x08001e80   0x000000b4   Code   RO         3682    i.OsIrqModuleInit   tcl.irq.o
    0x08001f34   0x00000050   Code   RO         3731    i.OsKernelAddObject  tcl.kernel.o
    0x08001f84   0x00000024   Code   RO         3732    i.OsKernelEnterIntrState  tcl.kernel.o
    0x08001fa8   0x00000074   Code   RO         3733    i.OsKernelLeaveIntrState  tcl.kernel.o
    0x0800201c   0x0000004c   Code   RO         3735    i.OsKernelTickISR   tcl.kernel.o
    0x08002068   0x000000c0   Code   RO         3899    i.OsObjListAddDiffNode  tcl.object.o
    0x08002128   0x00000080   Code   RO         3900    i.OsObjListAddNode  tcl.object.o
    0x080021a8   0x00000060   Code   RO         3901    i.OsObjListAddPriorityNode  tcl.object.o
    0x08002208   0x000000ac   Code   RO         3902    i.OsObjListRemoveDiffNode  tcl.object.o
    0x080022b4   0x00000090   Code   RO         3903    i.OsObjListRemoveNode  tcl.object.o
    0x08002344   0x00000070   Code   RO         3904    i.OsObjQueueAddFifoNode  tcl.object.o
    0x080023b4   0x0000008c   Code   RO         3905    i.OsObjQueueAddPriorityNode  tcl.object.o
    0x08002440   0x00000070   Code   RO         3906    i.OsObjQueueRemoveNode  tcl.object.o
    0x080024b0   0x0000011c   Code   RO         3987    i.OsThreadCreate    tcl.thread.o
    0x080025cc   0x0000007c   Code   RO         3988    i.OsThreadEnterQueue  tcl.thread.o
    0x08002648   0x00000084   Code   RO         3989    i.OsThreadLeaveQueue  tcl.thread.o
    0x080026cc   0x000000b4   Code   RO         3990    i.OsThreadModuleInit  tcl.thread.o
    0x08002780   0x00000050   Code   RO         3991    i.OsThreadResume    tcl.thread.o
    0x080027d0   0x000000c4   Code   RO         3992    i.OsThreadSchedule  tcl.thread.o
    0x08002894   0x00000044   Code   RO         3994    i.OsThreadSuspend   tcl.thread.o
    0x080028d8   0x00000070   Code   RO         3995    i.OsThreadTickUpdate  tcl.thread.o
    0x08002948   0x0000011c   Code   RO         3996    i.OsThreadTimerTickUpdate  tcl.thread.o
    0x08002a64   0x000000b8   Code   RO         4147    i.OsTimerModuleInit  tcl.timer.o
    0x08002b1c   0x00000094   Code   RO         4148    i.OsTimerTickUpdate  tcl.timer.o
    0x08002bb0   0x00000046   Code   RO         5123    i.Process_Robort_Beep_Cmd  parser.o
    0x08002bf6   0x00000074   Code   RO         5124    i.Process_Robort_Direction_Cmd  parser.o
    0x08002c6a   0x00000046   Code   RO         5125    i.Process_Robort_Light_Cmd  parser.o
    0x08002cb0   0x00000058   Code   RO         5126    i.Process_Robort_Speed_Cmd  parser.o
    0x08002d08   0x00000092   Code   RO         5127    i.Process_Robort_Steer_Cmd  parser.o
    0x08002d9a   0x00000088   Code   RO         5128    i.Protocol_Parser   parser.o
    0x08002e22   0x00000072   Code   RO         5385    i.Protocol_Upload   sender.o
    0x08002e94   0x00000020   Code   RO         1892    i.RCC_AHBPeriphClockCmd  stm32f10x_rcc.o
    0x08002eb4   0x00000020   Code   RO         1893    i.RCC_APB1PeriphClockCmd  stm32f10x_rcc.o
    0x08002ed4   0x00000020   Code   RO         1894    i.RCC_APB1PeriphResetCmd  stm32f10x_rcc.o
    0x08002ef4   0x00000020   Code   RO         1895    i.RCC_APB2PeriphClockCmd  stm32f10x_rcc.o
    0x08002f14   0x00000020   Code   RO         1896    i.RCC_APB2PeriphResetCmd  stm32f10x_rcc.o
    0x08002f34   0x000000d4   Code   RO         1903    i.RCC_GetClocksFreq  stm32f10x_rcc.o
    0x08003008   0x00000086   Code   RO         4358    i.ReceiveMessage    tcl.message.o
    0x0800308e   0x00000058   Code   RO         4496    i.ReleaseSemaphore  tcl.semaphore.o
    0x080030e6   0x00000024   Code   RO         5129    i.Resolve_Message_Data  parser.o
    0x0800310a   0x00000002   PAD
    0x0800310c   0x00000074   Code   RO         4978    i.RobortBeepThreadServer  beep.o
    0x08003180   0x000000d8   Code   RO         5320    i.RobortGpsThreadServer  gps.o
    0x08003258   0x00000074   Code   RO         5034    i.RobortLightThreadServer  light.o
    0x080032cc   0x00000078   Code   RO         5065    i.RobortMotorThreadServer  motor.o
    0x08003344   0x00000084   Code   RO         5130    i.RobortParserThreadServer  parser.o
    0x080033c8   0x0000009c   Code   RO         5206    i.RobortReceiverThreadServer  receiver.o
    0x08003464   0x00000048   Code   RO         5386    i.RobortSenderThreadServer  sender.o
    0x080034ac   0x00000050   Code   RO         5237    i.RobortSteerThreadServer  steer.o
    0x080034fc   0x0000000e   Code   RO         5131    i.Robort_Adress_Veritfy  parser.o
    0x0800350a   0x0000001a   Code   RO         4979    i.Robort_Beep_Init  beep.o
    0x08003524   0x000001a4   Code   RO         5066    i.Robort_Direction_Control  motor.o
    0x080036c8   0x00000038   Code   RO         5321    i.Robort_Fetch_GPS_Data  gps.o
    0x08003700   0x00000016   Code   RO         5322    i.Robort_GPS_Init   gps.o
    0x08003716   0x0000001a   Code   RO         5035    i.Robort_Light_Init  light.o
    0x08003730   0x00000096   Code   RO         5067    i.Robort_Motor_Init  motor.o
    0x080037c6   0x00000002   PAD
    0x080037c8   0x0000007c   Code   RO         5132    i.Robort_Parser_Init  parser.o
    0x08003844   0x00000084   Code   RO         5207    i.Robort_Receiver_Init  receiver.o
    0x080038c8   0x00000010   Code   RO         5387    i.Robort_Send_Frame  sender.o
    0x080038d8   0x00000080   Code   RO         5388    i.Robort_Sender_Init  sender.o
    0x08003958   0x00000038   Code   RO         5068    i.Robort_Speed_Control  motor.o
    0x08003990   0x00000072   Code   RO         5238    i.Robort_Steer_Control  steer.o
    0x08003a02   0x00000054   Code   RO         5239    i.Robort_Steer_Init  steer.o
    0x08003a56   0x00000002   PAD
    0x08003a58   0x00000074   Code   RO         3997    i.RootThreadEntry   tcl.thread.o
    0x08003acc   0x00000014   Code   RO         5323    i.STM32_GET_GPS_HalfTransferEnd_FLAG  gps.o
    0x08003ae0   0x00000014   Code   RO         5324    i.STM32_GET_GPS_TransferEnd_FLAG  gps.o
    0x08003af4   0x000001a8   Code   RO         5431    i.STM32_GPIO_ConfgPin  bsp_gpio.o
    0x08003c9c   0x000000f4   Code   RO         5432    i.STM32_GPIO_SetPin  bsp_gpio.o
    0x08003d90   0x00000080   Code   RO         5648    i.STM32_TIMER2_PWMControl  bsp_pwm.o
    0x08003e10   0x0000007c   Code   RO         5649    i.STM32_TIMER3_PWMControl  bsp_pwm.o
    0x08003e8c   0x0000007c   Code   RO         5650    i.STM32_TIMER4_PWMControl  bsp_pwm.o
    0x08003f08   0x0000002c   Code   RO         5807    i.STM32_UART1_Write  bsp_uart.o
    0x08003f34   0x00000008   Code   RO         5565    i.STM32_UART3_DMA_Init  bsp_gps.o
    0x08003f3c   0x00000016   Code   RO         5808    i.STM32_UART_Init   bsp_uart.o
    0x08003f52   0x00000002   PAD
    0x08003f54   0x0000009c   Code   RO         5809    i.STM32_UART_Read   bsp_uart.o
    0x08003ff0   0x0000004a   Code   RO         4359    i.SaveMessage       tcl.message.o
    0x0800403a   0x0000008a   Code   RO         4360    i.SendMessage       tcl.message.o
    0x080040c4   0x00000008   Code   RO            4    i.SetSysClock       system_stm32f10x.o
    0x080040cc   0x000000e0   Code   RO            5    i.SetSysClockTo72   system_stm32f10x.o
    0x080041ac   0x000000a8   Code   RO         5069    i.Set_Motor_Direction  motor.o
    0x08004254   0x00000084   Code   RO         5070    i.Set_Motor_Speed   motor.o
    0x080042d8   0x0000001c   Code   RO         5240    i.SteerEightControl  steer.o
    0x080042f4   0x0000001c   Code   RO         5241    i.SteerFiveControl  steer.o
    0x08004310   0x0000001c   Code   RO         5242    i.SteerFourControl  steer.o
    0x0800432c   0x0000001c   Code   RO         5243    i.SteerOneControl   steer.o
    0x08004348   0x0000001c   Code   RO         5244    i.SteerSevenControl  steer.o
    0x08004364   0x0000001c   Code   RO         5245    i.SteerSixControl   steer.o
    0x08004380   0x0000001c   Code   RO         5246    i.SteerThreeControl  steer.o
    0x0800439c   0x0000001c   Code   RO         5247    i.SteerTwoControl   steer.o
    0x080043b8   0x00000070   Code   RO         3998    i.SuperviseThread   tcl.thread.o
    0x08004428   0x00000010   Code   RO         3633    i.SysTick_Handler   tcl.stm32.f103rb.o
    0x08004438   0x00000060   Code   RO            7    i.SystemInit        system_stm32f10x.o
    0x08004498   0x000000a8   Code   RO         5752    i.TIM1_UP_IRQHandler  bsp_timer.o
    0x08004540   0x00000012   Code   RO         3634    i.TIM2_IRQHandler   tcl.stm32.f103rb.o
    0x08004552   0x00000002   PAD
    0x08004554   0x000000f0   Code   RO         5651    i.TIM2_PWM_Init     bsp_pwm.o
    0x08004644   0x00000110   Code   RO         5652    i.TIM3_PWM_Init     bsp_pwm.o
    0x08004754   0x000000ec   Code   RO         5653    i.TIM4_PWM_Init     bsp_pwm.o
    0x08004840   0x00000018   Code   RO         2572    i.TIM_ARRPreloadConfig  stm32f10x_tim.o
    0x08004858   0x00000006   Code   RO         2579    i.TIM_ClearITPendingBit  stm32f10x_tim.o
    0x0800485e   0x00000018   Code   RO         2584    i.TIM_Cmd           stm32f10x_tim.o
    0x08004876   0x0000001e   Code   RO         2586    i.TIM_CtrlPWMOutputs  stm32f10x_tim.o
    0x08004894   0x00000098   Code   RO         2613    i.TIM_OC1Init       stm32f10x_tim.o
    0x0800492c   0x00000012   Code   RO         2616    i.TIM_OC1PreloadConfig  stm32f10x_tim.o
    0x0800493e   0x00000002   PAD
    0x08004940   0x000000a4   Code   RO         2618    i.TIM_OC2Init       stm32f10x_tim.o
    0x080049e4   0x0000001a   Code   RO         2621    i.TIM_OC2PreloadConfig  stm32f10x_tim.o
    0x080049fe   0x00000002   PAD
    0x08004a00   0x000000a0   Code   RO         2623    i.TIM_OC3Init       stm32f10x_tim.o
    0x08004aa0   0x00000012   Code   RO         2626    i.TIM_OC3PreloadConfig  stm32f10x_tim.o
    0x08004ab2   0x00000002   PAD
    0x08004ab4   0x0000007c   Code   RO         2628    i.TIM_OC4Init       stm32f10x_tim.o
    0x08004b30   0x0000001a   Code   RO         2630    i.TIM_OC4PreloadConfig  stm32f10x_tim.o
    0x08004b4a   0x00000004   Code   RO         2645    i.TIM_SetCompare1   stm32f10x_tim.o
    0x08004b4e   0x00000004   Code   RO         2646    i.TIM_SetCompare2   stm32f10x_tim.o
    0x08004b52   0x00000004   Code   RO         2647    i.TIM_SetCompare3   stm32f10x_tim.o
    0x08004b56   0x00000006   Code   RO         2648    i.TIM_SetCompare4   stm32f10x_tim.o
    0x08004b5c   0x000000a4   Code   RO         2655    i.TIM_TimeBaseInit  stm32f10x_tim.o
    0x08004c00   0x000000ec   Code   RO         3999    i.TclActivateThread  tcl.thread.o
    0x08004cec   0x000000dc   Code   RO         4361    i.TclBroadcastMessage  tcl.message.o
    0x08004dc8   0x00000100   Code   RO         4362    i.TclCreateMsgQueue  tcl.message.o
    0x08004ec8   0x000000f8   Code   RO         4497    i.TclCreateSemaphore  tcl.semaphore.o
    0x08004fc0   0x0000016c   Code   RO         4000    i.TclCreateThread   tcl.thread.o
    0x0800512c   0x000000c4   Code   RO         4501    i.TclObtainSemaphore  tcl.semaphore.o
    0x080051f0   0x00000130   Code   RO         4366    i.TclReceiveMessage  tcl.message.o
    0x08005320   0x0000011c   Code   RO         4502    i.TclReleaseSemaphore  tcl.semaphore.o
    0x0800543c   0x000000cc   Code   RO         4368    i.TclSendMessage    tcl.message.o
    0x08005508   0x000000d8   Code   RO         3742    i.TclStartKernel    tcl.kernel.o
    0x080055e0   0x00000060   Code   RO         3743    i.TclTrace          tcl.kernel.o
    0x08005640   0x000000b8   Code   RO         4154    i.TimerDaemonEntry  tcl.timer.o
    0x080056f8   0x000000a8   Code   RO         5811    i.UART1_Init        bsp_uart.o
    0x080057a0   0x00000074   Code   RO         5812    i.UART1_Semphore_Init  bsp_uart.o
    0x08005814   0x00000074   Code   RO         5566    i.UART3_DMA_Config  bsp_gps.o
    0x08005888   0x00000080   Code   RO         5814    i.UART3_Init        bsp_uart.o
    0x08005908   0x000001bc   Code   RO         5815    i.USART1_IRQHandler  bsp_uart.o
    0x08005ac4   0x00000018   Code   RO         3135    i.USART_Cmd         stm32f10x_usart.o
    0x08005adc   0x00000012   Code   RO         3136    i.USART_DMACmd      stm32f10x_usart.o
    0x08005aee   0x00000002   PAD
    0x08005af0   0x0000009c   Code   RO         3137    i.USART_DeInit      stm32f10x_usart.o
    0x08005b8c   0x00000054   Code   RO         3139    i.USART_GetITStatus  stm32f10x_usart.o
    0x08005be0   0x0000004a   Code   RO         3141    i.USART_ITConfig    stm32f10x_usart.o
    0x08005c2a   0x00000002   PAD
    0x08005c2c   0x000000d8   Code   RO         3142    i.USART_Init        stm32f10x_usart.o
    0x08005d04   0x0000000a   Code   RO         3149    i.USART_ReceiveData  stm32f10x_usart.o
    0x08005d0e   0x0000001a   Code   RO         5816    i.Upload_ProcessDMAIRQ  bsp_uart.o
    0x08005d28   0x00000024   Code   RO         7011    i.__0vsnprintf      mc_w.l(printfa.o)
    0x08005d4c   0x00000008   Code   RO         7148    i.__aeabi_errno_addr  mc_w.l(errno.o)
    0x08005d54   0x0000000e   Code   RO         7193    i.__scatterload_copy  mc_w.l(handlers.o)
    0x08005d62   0x00000002   Code   RO         7194    i.__scatterload_null  mc_w.l(handlers.o)
    0x08005d64   0x0000000e   Code   RO         7195    i.__scatterload_zeroinit  mc_w.l(handlers.o)
    0x08005d72   0x00000002   PAD
    0x08005d74   0x00000164   Code   RO         7013    i._fp_digits        mc_w.l(printfa.o)
    0x08005ed8   0x0000000e   Code   RO         7177    i._is_digit         mc_w.l(scanf_fp.o)
    0x08005ee6   0x00000002   PAD
    0x08005ee8   0x000000c4   Code   RO         6329    i._nmea_parse_time  parse.o
    0x08005fac   0x000006dc   Code   RO         7014    i._printf_core      mc_w.l(printfa.o)
    0x08006688   0x00000024   Code   RO         7015    i._printf_post_padding  mc_w.l(printfa.o)
    0x080066ac   0x0000002e   Code   RO         7016    i._printf_pre_padding  mc_w.l(printfa.o)
    0x080066da   0x00000016   Code   RO         7017    i._snputc           mc_w.l(printfa.o)
    0x080066f0   0x0000003c   Code   RO         5248    i.calDutyCycle      steer.o
    0x0800672c   0x0000001a   Code   RO         5389    i.delay_ms          sender.o
    0x08006746   0x00000002   PAD
    0x08006748   0x00000050   Code   RO         7034    i.free              mc_w.l(malloc.o)
    0x08006798   0x00000024   Code   RO         4888    i.main              main.o
    0x080067bc   0x0000006c   Code   RO         7035    i.malloc            mc_w.l(malloc.o)
    0x08006828   0x00000062   Code   RO         6330    i.nmea_GPGGA2info   parse.o
    0x0800688a   0x00000076   Code   RO         6331    i.nmea_GPGSA2info   parse.o
    0x08006900   0x000000c6   Code   RO         6332    i.nmea_GPGSV2info   parse.o
    0x080069c6   0x00000002   PAD
    0x080069c8   0x0000009c   Code   RO         6333    i.nmea_GPRMC2info   parse.o
    0x08006a64   0x00000022   Code   RO         6334    i.nmea_GPVTG2info   parse.o
    0x08006a86   0x00000036   Code   RO         6579    i.nmea_atof         tok.o
    0x08006abc   0x00000032   Code   RO         6580    i.nmea_atoi         tok.o
    0x08006aee   0x00000046   Code   RO         5910    i.nmea_error        context.o
    0x08006b34   0x00000082   Code   RO         6335    i.nmea_find_tail    parse.o
    0x08006bb6   0x00000002   PAD
    0x08006bb8   0x00000070   Code   RO         6336    i.nmea_pack_type    parse.o
    0x08006c28   0x00000086   Code   RO         6428    i.nmea_parse        parser_1.o
    0x08006cae   0x00000002   PAD
    0x08006cb0   0x000000f4   Code   RO         6337    i.nmea_parse_GPGGA  parse.o
    0x08006da4   0x000000d0   Code   RO         6338    i.nmea_parse_GPGSA  parse.o
    0x08006e74   0x000000c8   Code   RO         6339    i.nmea_parse_GPGSV  parse.o
    0x08006f3c   0x0000010c   Code   RO         6340    i.nmea_parse_GPRMC  parse.o
    0x08007048   0x000000dc   Code   RO         6341    i.nmea_parse_GPVTG  parse.o
    0x08007124   0x0000000a   Code   RO         6429    i.nmea_parser_buff_clear  parser_1.o
    0x0800712e   0x00000002   PAD
    0x08007130   0x00000050   Code   RO         6432    i.nmea_parser_init  parser_1.o
    0x08007180   0x0000002c   Code   RO         6434    i.nmea_parser_pop   parser_1.o
    0x080071ac   0x00000032   Code   RO         6435    i.nmea_parser_push  parser_1.o
    0x080071de   0x00000002   PAD
    0x080071e0   0x00000218   Code   RO         6437    i.nmea_parser_real_push  parser_1.o
    0x080073f8   0x00000008   Code   RO         5911    i.nmea_property     context.o
    0x08007400   0x0000021a   Code   RO         6583    i.nmea_scanf        tok.o
    0x0800761a   0x00000018   Code   RO         6561    i.nmea_time_now     time.o
    0x08007632   0x00000018   Code   RO         5913    i.nmea_trace_buff   context.o
    0x0800764a   0x0000001e   Code   RO         6314    i.nmea_zero_INFO    info.o
    0x08007668   0x0000001c   Code   RO         6712    i.strtod            m_ws.l(strtod.o)
    0x08007684   0x00000058   Data   RO         3688    .constdata          tcl.irq.o
    0x080076dc   0x00000090   Data   RO         3746    .constdata          tcl.kernel.o
    0x0800776c   0x00000097   Data   RO         3907    .constdata          tcl.object.o
    0x08007803   0x0000017f   Data   RO         4012    .constdata          tcl.thread.o
    0x08007982   0x0000005a   Data   RO         4156    .constdata          tcl.timer.o
    0x080079dc   0x00000024   Data   RO         4265    .constdata          tcl.ipc.o
    0x08007a00   0x0000007e   Data   RO         4369    .constdata          tcl.message.o
    0x08007a7e   0x00000075   Data   RO         4504    .constdata          tcl.semaphore.o
    0x08007af3   0x0000000e   Data   RO         4889    .constdata          main.o
    0x08007b01   0x00000045   Data   RO         5133    .constdata          parser.o
    0x08007b46   0x00000030   Data   RO         5208    .constdata          receiver.o
    0x08007b76   0x00000016   Data   RO         5326    .constdata          gps.o
    0x08007b8c   0x00000013   Data   RO         5390    .constdata          sender.o
    0x08007b9f   0x00000026   Data   RO         5818    .constdata          bsp_uart.o
    0x08007bc5   0x00000081   Data   RO         6729    .constdata          mc_w.l(ctype_o.o)
    0x08007c46   0x00000002   PAD
    0x08007c48   0x00000004   Data   RO         6730    .constdata          mc_w.l(ctype_o.o)
    0x08007c4c   0x00000064   Data   RO         5009    .conststring        common.o
    0x08007cb0   0x0000006a   Data   RO         6342    .conststring        parse.o
    0x08007d1a   0x00000002   PAD
    0x08007d1c   0x00000020   Data   RO         7191    Region$$Table       anon$$obj.o


    Execution Region RW_IRAM1 (Base: 0x20000000, Size: 0x00002d80, Max: 0x00005000, ABSOLUTE, COMPRESSED[0x0000005c])

    Base Addr    Size         Type   Attr      Idx    E Section Name        Object

    0x20000000   0x00000014   Data   RW         1923    .data               stm32f10x_rcc.o
    0x20000014   0x00000004   Data   RW         3689    .data               tcl.irq.o
    0x20000018   0x00000008   Data   RW         4157    .data               tcl.timer.o
    0x20000020   0x00000140   Data   RW         5010    .data               common.o
    0x20000160   0x00000009   Data   RW         5071    .data               motor.o
    0x20000169   0x00000003   PAD
    0x2000016c   0x00000008   Data   RW         5134    .data               parser.o
    0x20000174   0x00000002   Data   RW         5570    .data               bsp_gps.o
    0x20000176   0x00000002   PAD
    0x20000178   0x00000009   Data   RW         5754    .data               bsp_timer.o
    0x20000181   0x0000000a   Data   RW         5819    .data               bsp_uart.o
    0x2000018b   0x00000001   PAD
    0x2000018c   0x0000000c   Data   RW         5914    .data               context.o
    0x20000198   0x00000014   Data   RW         6343    .data               parse.o
    0x200001ac   0x00000004   Data   RW         7146    .data               mc_w.l(mvars.o)
    0x200001b0   0x00000004   Data   RW         7147    .data               mc_w.l(mvars.o)
    0x200001b4   0x00000004   Data   RW         7151    .data               mc_w.l(errno.o)
    0x200001b8   0x00000448   Zero   RW         3687    .bss                tcl.irq.o
    0x20000600   0x00000080   Zero   RW         3745    .bss                tcl.kernel.o
    0x20000680   0x000003a8   Zero   RW         4011    .bss                tcl.thread.o
    0x20000a28   0x000003a0   Zero   RW         4155    .bss                tcl.timer.o
    0x20000dc8   0x00000750   Zero   RW         5008    .bss                common.o
    0x20001518   0x00000194   Zero   RW         5325    .bss                gps.o
    0x200016ac   0x00000200   Zero   RW         5569    .bss                bsp_gps.o
    0x200018ac   0x000000d0   Zero   RW         5817    .bss                bsp_uart.o
    0x2000197c   0x00000004   PAD
    0x20001980   0x00001000   Zero   RW           70    HEAP                startup_stm32f10x_md.o
    0x20002980   0x00000400   Zero   RW           69    STACK               startup_stm32f10x_md.o


==============================================================================

Image component sizes


      Code (inc. data)   RO Data    RW Data    ZI Data      Debug   Object Name

       142          6          0          0          0       1420   beep.o
        38          0          0          0          0      13241   bsp.o
        56          0          0          0          0        612   bsp_common.o
       668        112          0          0          0       6517   bsp_gpio.o
       242         24          0          2        512       3481   bsp_gps.o
      1124         42          0          0          0       4330   bsp_pwm.o
       168         28          0          9          0        905   bsp_timer.o
      1280        168         38         10        208       7443   bsp_uart.o
         0          0        100        320       1872       4707   common.o
       102          4          0         12          0       3355   context.o
         0          0          0          0          0       2636   generate.o
       702        104         22          0        404       5168   gps.o
        30          0          0          0          0       1945   info.o
       142          4          0          0          0       1422   light.o
       556        116         14          0          0       8134   main.o
       132         22          0          0          0       3463   misc.o
      1122         82          0          9          0       4950   motor.o
      2182        462        106         20          0       9634   parse.o
      1036        148         69          8          0       7974   parser.o
       854         52          0          0          0       5506   parser_1.o
       288         90         48          0          0       1560   receiver.o
       356         62         19          0          0       3256   sender.o
        36          8        236          0       5120        896   startup_stm32f10x_md.o
       562         12          0          0          0       6546   steer.o
         0          0          0          0          0       8836   stm32f10x_adc.o
       506         26          0          0          0      15323   stm32f10x_dma.o
       286          0          0          0          0      11660   stm32f10x_gpio.o
       372         50          0         20          0       6420   stm32f10x_rcc.o
       954         92          0          0          0      31829   stm32f10x_tim.o
       582         28          0          0          0      12596   stm32f10x_usart.o
       328         28          0          0          0     208441   system_stm32f10x.o
       100          4          0          0          0        324   tcl.arm.cm3.keil.o
       226         26          0          0          0       3895   tcl.arm.cm3.o
        56          6          0          0          0        619   tcl.debug.o
       694         88         36          0          0       3702   tcl.ipc.o
       416        124         88          4       1096       5684   tcl.irq.o
       620        152        144          0        128       8374   tcl.kernel.o
      1366        150        126          0          0       9637   tcl.message.o
      1096        288        151          0          0       5832   tcl.object.o
       904         96        117          0          0       7406   tcl.semaphore.o
        52          0          0          0          0       1455   tcl.stm32.f103rb.o
      2500        620        383          0        936      18979   tcl.thread.o
       720        122         90          8        928       7278   tcl.timer.o
        24          0          0          0          0       1292   time.o
       642          0          0          0          0       2561   tok.o

    ----------------------------------------------------------------------
     24304       3446       1821        428      11208     481244   Object Totals
         0          0         32          0          0          0   (incl. Generated)
        42          0          2          6          4          0   (incl. Padding)

    ----------------------------------------------------------------------

      Code (inc. data)   RO Data    RW Data    ZI Data      Debug   Library Member Name

        28          0          0          0          0         80   strtod.o
        86          0          0          0          0          0   __dczerorl2.o
        28          0          0          0          0         68   _chval.o
        64          0          0          0          0         84   _sgetc.o
       158          0          0          0          0         92   _strtoul.o
         8          4        133          0          0         68   ctype_o.o
         0          0          0          0          0          0   entry.o
         0          0          0          0          0          0   entry10a.o
         0          0          0          0          0          0   entry11a.o
         8          4          0          0          0          0   entry2.o
         4          0          0          0          0          0   entry5.o
         0          0          0          0          0          0   entry7b.o
         0          0          0          0          0          0   entry8b.o
         8          4          0          0          0          0   entry9a.o
         8          4          0          4          0         68   errno.o
        30          0          0          0          0          0   handlers.o
        36          8          0          0          0         68   init.o
        18          0          0          0          0         76   isspace_o.o
         0          0          0          0          0          0   iusefp.o
        30          0          0          0          0         68   llshl.o
        36          0          0          0          0         68   llsshr.o
        32          0          0          0          0         68   llushr.o
       188         20          0          0          0        160   malloc.o
        20          0          0          0          0         68   memchr.o
        26          0          0          0          0         80   memcmp.o
        36          0          0          0          0         68   memcpya.o
        36          0          0          0          0        108   memseta.o
         0          0          0          8          0          0   mvars.o
      2252         84          0          0          0        508   printfa.o
       838         12          0          0          0        216   scanf_fp.o
        14          0          0          0          0         68   strlen.o
        24          0          0          0          0         76   strncpy.o
       156         14          0          0          0        120   strtod.o
       112          0          0          0          0         88   strtol.o
        44          0          0          0          0         80   uidiv.o
        98          0          0          0          0         92   uldiv.o
        48          0          0          0          0         68   cdrcmple.o
        56          0          0          0          0         88   d2f.o
       334          0          0          0          0        148   dadd.o
       222          0          0          0          0        100   ddiv.o
       186          0          0          0          0        176   depilogue.o
        50          0          0          0          0         76   dfixui.o
        48          0          0          0          0         68   dfixul.o
        34          0          0          0          0         76   dflti.o
        26          0          0          0          0         76   dfltui.o
        24          0          0          0          0         76   dfltul.o
       228          0          0          0          0         96   dmul.o
       110          0          0          0          0        168   fepilogue.o

    ----------------------------------------------------------------------
      5800        154        135         12          0       3756   Library Totals
         8          0          2          0          0          0   (incl. Padding)

    ----------------------------------------------------------------------

      Code (inc. data)   RO Data    RW Data    ZI Data      Debug   Library Name

        28          0          0          0          0         80   m_ws.l
      4398        154        133         12          0       2460   mc_w.l
      1366          0          0          0          0       1216   mf_w.l

    ----------------------------------------------------------------------
      5800        154        135         12          0       3756   Library Totals

    ----------------------------------------------------------------------

==============================================================================


      Code (inc. data)   RO Data    RW Data    ZI Data      Debug   

     30104       3600       1956        440      11208     472024   Grand Totals
     30104       3600       1956         92      11208     472024   ELF Image Totals (compressed)
     30104       3600       1956         92          0          0   ROM Totals

==============================================================================

    Total RO  Size (Code + RO Data)                32060 (  31.31kB)
    Total RW  Size (RW Data + ZI Data)             11648 (  11.38kB)
    Total ROM Size (Code + RO Data + RW Data)      32152 (  31.40kB)

==============================================================================

